mysql> Set password for 'bob'@'localhost' = password('OLINK');
Query OK, 0 rows affected, 1 warning (0.00 sec)

mysql> grants for bob@localhost;
ERROR 1064 (42000): You have an error in your SQL syntax; check the manual that corresponds to your MySQL server version for the right syntax to use near 'grants for bob@localhost' at line 1
mysql> show grants for bob@localhost;
+------------------------------------------------------------------------------------+
| Grants for bob@localhost                                                           |
+------------------------------------------------------------------------------------+
| GRANT CREATE TEMPORARY TABLES ON *.* TO 'bob'@'localhost'                          |
| GRANT SELECT, INSERT, UPDATE, CREATE, DROP ON `devrydbm438`.* TO 'bob'@'localhost' |
+------------------------------------------------------------------------------------+
2 rows in set (0.00 sec)

mysql> show databases;
+--------------------+
| Database           |
+--------------------+
| information_schema |
| 5 ilab             |
| 5 projectweek      |
| 6                  |
| 6 ilab             |
| baseball           |
| baseball2016       |
| cis337             |
| devrydbm438        |
| mysql              |
| mytest             |
| new                |
| performance_schema |
| sys                |
+--------------------+
14 rows in set (0.00 sec)

mysql> use devrydbm438;
Database changed
mysql> source C:\Users\James Flond\Downloads\DBM438_Lab6.sql;
ERROR: 
Unknown command '\U'.
ERROR: 
Unknown command '\J'.
ERROR: 
Unknown command '\D'.
ERROR: 
Unknown command '\D'.
ERROR 1064 (42000): You have an error in your SQL syntax; check the manual that corresponds to your MySQL server version for the right syntax to use near 'Rem NAME - Lab6_support.SQL
Rem  FUNCTION - BUILD TABLES AND POPULATE
Rem  NOTES' at line 1
Query OK, 0 rows affected, 1 warning (0.02 sec)

Query OK, 0 rows affected, 1 warning (0.00 sec)

Query OK, 0 rows affected, 1 warning (0.00 sec)

Query OK, 0 rows affected (0.26 sec)

Query OK, 0 rows affected (0.17 sec)

Query OK, 1 row affected (0.02 sec)

Query OK, 1 row affected (0.03 sec)

Query OK, 1 row affected (0.02 sec)

Query OK, 1 row affected (0.06 sec)

Query OK, 1 row affected (0.03 sec)

Query OK, 1 row affected (0.03 sec)

Query OK, 1 row affected (0.01 sec)

Query OK, 1 row affected (0.02 sec)

Query OK, 1 row affected (0.01 sec)

Query OK, 1 row affected (0.02 sec)

Query OK, 1 row affected (0.01 sec)

Query OK, 1 row affected (0.02 sec)

Query OK, 1 row affected (0.01 sec)

Query OK, 1 row affected (0.02 sec)

Query OK, 1 row affected (0.01 sec)

Query OK, 1 row affected (0.02 sec)

Query OK, 1 row affected (0.01 sec)

Query OK, 1 row affected (0.02 sec)

Query OK, 0 rows affected (0.15 sec)

Query OK, 0 rows affected (0.15 sec)

Query OK, 1 row affected (0.01 sec)

Query OK, 1 row affected (0.01 sec)

Query OK, 1 row affected (0.03 sec)

Query OK, 1 row affected (0.01 sec)

Query OK, 1 row affected (0.01 sec)

mysql> create user 'JACK'@'localhost' identified by 'HORNOR';
Query OK, 0 rows affected (0.01 sec)

mysql> grant create, insert, drop, select, update, create temporary tables on devrydbm438 to 'JACK'@'localhost';
ERROR 1144 (42000): Illegal GRANT/REVOKE command; please consult the manual to see which privileges can be used
mysql> grant create, insert, drop, select, update, create temporary tables on devrydbm438.* to 'JACK'@'localhost';
Query OK, 0 rows affected (0.00 sec)

mysql> show grants for 'JACK'@
    -> 'localhost';
ERROR 1064 (42000): You have an error in your SQL syntax; check the manual that corresponds to your MySQL server version for the right syntax to use near ''localhost'' at line 2
mysql> show grants for 'JACK'@'localhost';
+--------------------------------------------------------------------------------------------------------------+
| Grants for JACK@localhost                                                                                    |
+--------------------------------------------------------------------------------------------------------------+
| GRANT USAGE ON *.* TO 'JACK'@'localhost'                                                                     |
| GRANT SELECT, INSERT, UPDATE, CREATE, DROP, CREATE TEMPORARY TABLES ON `devrydbm438`.* TO 'JACK'@'localhost' |
+--------------------------------------------------------------------------------------------------------------+
2 rows in set (0.00 sec)

mysql> select user, host from mysql.user;
+-----------+-----------+
| user      | host      |
+-----------+-----------+
| root      | %         |
| JACK      | localhost |
| bob       | localhost |
| mysql.sys | localhost |
| root      | localhost |
+-----------+-----------+
5 rows in set (0.00 sec)

mysql> select user, host, grants from mysql.user;
ERROR 1054 (42S22): Unknown column 'grants' in 'field list'
mysql> select user, host, grant from mysql.user;
ERROR 1064 (42000): You have an error in your SQL syntax; check the manual that corresponds to your MySQL server version for the right syntax to use near 'grant from mysql.user' at line 1
mysql> select * from mysql.user;
+-----------+-----------+-------------+-------------+-------------+-------------+-------------+-----------+-------------+---------------+--------------+-----------+------------+-----------------+------------+------------+--------------+------------+-----------------------+------------------+--------------+-----------------+------------------+------------------+----------------+---------------------+--------------------+------------------+------------+--------------+------------------------+----------+------------+-------------+--------------+---------------+-------------+-----------------+----------------------+-----------------------+-------------------------------------------+------------------+-----------------------+-------------------+----------------+
| Host      | User      | Select_priv | Insert_priv | Update_priv | Delete_priv | Create_priv | Drop_priv | Reload_priv | Shutdown_priv | Process_priv | File_priv | Grant_priv | References_priv | Index_priv | Alter_priv | Show_db_priv | Super_priv | Create_tmp_table_priv | Lock_tables_priv | Execute_priv | Repl_slave_priv | Repl_client_priv | Create_view_priv | Show_view_priv | Create_routine_priv | Alter_routine_priv | Create_user_priv | Event_priv | Trigger_priv | Create_tablespace_priv | ssl_type | ssl_cipher | x509_issuer | x509_subject | max_questions | max_updates | max_connections | max_user_connections | plugin                | authentication_string                     | password_expired | password_last_changed | password_lifetime | account_locked |
+-----------+-----------+-------------+-------------+-------------+-------------+-------------+-----------+-------------+---------------+--------------+-----------+------------+-----------------+------------+------------+--------------+------------+-----------------------+------------------+--------------+-----------------+------------------+------------------+----------------+---------------------+--------------------+------------------+------------+--------------+------------------------+----------+------------+-------------+--------------+---------------+-------------+-----------------+----------------------+-----------------------+-------------------------------------------+------------------+-----------------------+-------------------+----------------+
| localhost | root      | Y           | Y           | Y           | Y           | Y           | Y         | Y           | Y             | Y            | Y         | Y          | Y               | Y          | Y          | Y            | Y          | Y                     | Y                | Y            | Y               | Y                | Y                | Y              | Y                   | Y                  | Y                | Y          | Y            | Y                      |          |            |             |              |             0 |           0 |               0 |                    0 | mysql_native_password | *81F5E21E35407D884A6CD4A731AEBFB6AF209E1B | N                | 2016-01-30 12:33:13   |              NULL | N              |
| localhost | mysql.sys | N           | N           | N           | N           | N           | N         | N           | N             | N            | N         | N          | N               | N          | N          | N            | N          | N                     | N                | N            | N               | N                | N                | N              | N                   | N                  | N                | N          | N            | N                      |          |            |             |              |             0 |           0 |               0 |                    0 | mysql_native_password | *THISISNOTAVALIDPASSWORDTHATCANBEUSEDHERE | N                | 2016-01-30 12:33:03   |              NULL | Y              |
| %         | root      | Y           | Y           | Y           | Y           | Y           | Y         | Y           | Y             | Y            | Y         | N          | Y               | Y          | Y          | Y            | Y          | Y                     | Y                | Y            | Y               | Y                | Y                | Y              | Y                   | Y                  | Y                | Y          | Y            | Y                      |          |            |             |              |             0 |           0 |               0 |                    0 | mysql_native_password | *252340B63367D782032AB284210C4172D0B36AD3 | N                | 2016-06-06 21:53:25   |              NULL | N              |
| localhost | bob       | N           | N           | N           | N           | N           | N         | N           | N             | N            | N         | N          | N               | N          | N          | N            | N          | Y                     | N                | N            | N               | N                | N                | N              | N                   | N                  | N                | N          | N            | N                      |          |            |             |              |             0 |           0 |               5 |                    0 | mysql_native_password | *6A3C1A9491CDE6B81A4BE7A8250B5F3E7A16D389 | N                | 2016-10-07 08:28:28   |              NULL | N              |
| localhost | JACK      | N           | N           | N           | N           | N           | N         | N           | N             | N            | N         | N          | N               | N          | N          | N            | N          | N                     | N                | N            | N               | N                | N                | N              | N                   | N                  | N                | N          | N            | N                      |          |            |             |              |             0 |           0 |               0 |                    0 | mysql_native_password | *F6E41556F9CD5D1289D707C06EBB3CAE15C9B3F9 | N                | 2016-10-07 08:45:54   |              NULL | N              |
+-----------+-----------+-------------+-------------+-------------+-------------+-------------+-----------+-------------+---------------+--------------+-----------+------------+-----------------+------------+------------+--------------+------------+-----------------------+------------------+--------------+-----------------+------------------+------------------+----------------+---------------------+--------------------+------------------+------------+--------------+------------------------+----------+------------+-------------+--------------+---------------+-------------+-----------------+----------------------+-----------------------+-------------------------------------------+------------------+-----------------------+-------------------+----------------+
5 rows in set (0.00 sec)

mysql> select user, host, grant_priv from mysql.user;
+-----------+-----------+------------+
| user      | host      | grant_priv |
+-----------+-----------+------------+
| root      | localhost | Y          |
| mysql.sys | localhost | N          |
| root      | %         | N          |
| bob       | localhost | N          |
| JACK      | localhost | N          |
+-----------+-----------+------------+
5 rows in set (0.00 sec)

mysql> exit
mysql> use devrydbm438;
Database changed
mysql> show databases;
+--------------------+
| Database           |
+--------------------+
| information_schema |
| devrydbm438        |
+--------------------+
2 rows in set (0.00 sec)

mysql> show tables;
+-----------------------+
| Tables_in_devrydbm438 |
+-----------------------+
| author                |
| bonus                 |
| book_author           |
| book_customer         |
| book_order            |
| books                 |
| dept                  |
| emp                   |
| order_items           |
| promotion             |
| publisher             |
| salgrade              |
+-----------------------+
12 rows in set (0.00 sec)

mysql> use sampdb;
ERROR 1044 (42000): Access denied for user 'JACK'@'localhost' to database 'sampdb'
mysql> exit
