mysql> show variables;
+----------------------------------------------------------+------------------------------------------------------------------------------------------------------------------------------------------------------------------------------------------------------------------------------------------------------------------------------------------------------------------------------------------------------------------------------------------------------------------+
| Variable_name                                            | Value                                                                                                                                                                                                                                                                                                                                                                                                            |
+----------------------------------------------------------+------------------------------------------------------------------------------------------------------------------------------------------------------------------------------------------------------------------------------------------------------------------------------------------------------------------------------------------------------------------------------------------------------------------+
| auto_increment_increment                                 | 1                                                                                                                                                                                                                                                                                                                                                                                                                |
| auto_increment_offset                                    | 1                                                                                                                                                                                                                                                                                                                                                                                                                |
| autocommit                                               | ON                                                                                                                                                                                                                                                                                                                                                                                                               |
| automatic_sp_privileges                                  | ON                                                                                                                                                                                                                                                                                                                                                                                                               |
| avoid_temporal_upgrade                                   | OFF                                                                                                                                                                                                                                                                                                                                                                                                              |
| back_log                                                 | 80                                                                                                                                                                                                                                                                                                                                                                                                               |
| basedir                                                  | C:\Program Files\MySQL\MySQL Server 5.7\                                                                                                                                                                                                                                                                                                                                                                         |
| big_tables                                               | OFF                                                                                                                                                                                                                                                                                                                                                                                                              |
| bind_address                                             | *                                                                                                                                                                                                                                                                                                                                                                                                                |
| binlog_cache_size                                        | 32768                                                                                                                                                                                                                                                                                                                                                                                                            |
| binlog_checksum                                          | CRC32                                                                                                                                                                                                                                                                                                                                                                                                            |
| binlog_direct_non_transactional_updates                  | OFF                                                                                                                                                                                                                                                                                                                                                                                                              |
| binlog_error_action                                      | ABORT_SERVER                                                                                                                                                                                                                                                                                                                                                                                                     |
| binlog_format                                            | ROW                                                                                                                                                                                                                                                                                                                                                                                                              |
| binlog_group_commit_sync_delay                           | 0                                                                                                                                                                                                                                                                                                                                                                                                                |
| binlog_group_commit_sync_no_delay_count                  | 0                                                                                                                                                                                                                                                                                                                                                                                                                |
| binlog_gtid_simple_recovery                              | ON                                                                                                                                                                                                                                                                                                                                                                                                               |
| binlog_max_flush_queue_time                              | 0                                                                                                                                                                                                                                                                                                                                                                                                                |
| binlog_order_commits                                     | ON                                                                                                                                                                                                                                                                                                                                                                                                               |
| binlog_row_image                                         | FULL                                                                                                                                                                                                                                                                                                                                                                                                             |
| binlog_rows_query_log_events                             | OFF                                                                                                                                                                                                                                                                                                                                                                                                              |
| binlog_stmt_cache_size                                   | 32768                                                                                                                                                                                                                                                                                                                                                                                                            |
| block_encryption_mode                                    | aes-128-ecb                                                                                                                                                                                                                                                                                                                                                                                                      |
| bulk_insert_buffer_size                                  | 8388608                                                                                                                                                                                                                                                                                                                                                                                                          |
| character_set_client                                     | cp850                                                                                                                                                                                                                                                                                                                                                                                                            |
| character_set_connection                                 | cp850                                                                                                                                                                                                                                                                                                                                                                                                            |
| character_set_database                                   | utf8                                                                                                                                                                                                                                                                                                                                                                                                             |
| character_set_filesystem                                 | binary                                                                                                                                                                                                                                                                                                                                                                                                           |
| character_set_results                                    | cp850                                                                                                                                                                                                                                                                                                                                                                                                            |
| character_set_server                                     | utf8                                                                                                                                                                                                                                                                                                                                                                                                             |
| character_set_system                                     | utf8                                                                                                                                                                                                                                                                                                                                                                                                             |
| character_sets_dir                                       | C:\Program Files\MySQL\MySQL Server 5.7\share\charsets\                                                                                                                                                                                                                                                                                                                                                          |
| check_proxy_users                                        | OFF                                                                                                                                                                                                                                                                                                                                                                                                              |
| collation_connection                                     | cp850_general_ci                                                                                                                                                                                                                                                                                                                                                                                                 |
| collation_database                                       | utf8_general_ci                                                                                                                                                                                                                                                                                                                                                                                                  |
| collation_server                                         | utf8_general_ci                                                                                                                                                                                                                                                                                                                                                                                                  |
| completion_type                                          | NO_CHAIN                                                                                                                                                                                                                                                                                                                                                                                                         |
| concurrent_insert                                        | AUTO                                                                                                                                                                                                                                                                                                                                                                                                             |
| connect_timeout                                          | 10                                                                                                                                                                                                                                                                                                                                                                                                               |
| core_file                                                | OFF                                                                                                                                                                                                                                                                                                                                                                                                              |
| datadir                                                  | C:\ProgramData\MySQL\MySQL Server 5.7\Data\                                                                                                                                                                                                                                                                                                                                                                      |
| date_format                                              | %Y-%m-%d                                                                                                                                                                                                                                                                                                                                                                                                         |
| datetime_format                                          | %Y-%m-%d %H:%i:%s                                                                                                                                                                                                                                                                                                                                                                                                |
| default_authentication_plugin                            | mysql_native_password                                                                                                                                                                                                                                                                                                                                                                                            |
| default_password_lifetime                                | 360                                                                                                                                                                                                                                                                                                                                                                                                              |
| default_storage_engine                                   | InnoDB                                                                                                                                                                                                                                                                                                                                                                                                           |
| default_tmp_storage_engine                               | InnoDB                                                                                                                                                                                                                                                                                                                                                                                                           |
| default_week_format                                      | 0                                                                                                                                                                                                                                                                                                                                                                                                                |
| delay_key_write                                          | ON                                                                                                                                                                                                                                                                                                                                                                                                               |
| delayed_insert_limit                                     | 100                                                                                                                                                                                                                                                                                                                                                                                                              |
| delayed_insert_timeout                                   | 300                                                                                                                                                                                                                                                                                                                                                                                                              |
| delayed_queue_size                                       | 1000                                                                                                                                                                                                                                                                                                                                                                                                             |
| disabled_storage_engines                                 |                                                                                                                                                                                                                                                                                                                                                                                                                  |
| disconnect_on_expired_password                           | ON                                                                                                                                                                                                                                                                                                                                                                                                               |
| div_precision_increment                                  | 4                                                                                                                                                                                                                                                                                                                                                                                                                |
| end_markers_in_json                                      | OFF                                                                                                                                                                                                                                                                                                                                                                                                              |
| enforce_gtid_consistency                                 | OFF                                                                                                                                                                                                                                                                                                                                                                                                              |
| eq_range_index_dive_limit                                | 200                                                                                                                                                                                                                                                                                                                                                                                                              |
| error_count                                              | 0                                                                                                                                                                                                                                                                                                                                                                                                                |
| event_scheduler                                          | OFF                                                                                                                                                                                                                                                                                                                                                                                                              |
| expire_logs_days                                         | 0                                                                                                                                                                                                                                                                                                                                                                                                                |
| explicit_defaults_for_timestamp                          | OFF                                                                                                                                                                                                                                                                                                                                                                                                              |
| external_user                                            |                                                                                                                                                                                                                                                                                                                                                                                                                  |
| flush                                                    | OFF                                                                                                                                                                                                                                                                                                                                                                                                              |
| flush_time                                               | 0                                                                                                                                                                                                                                                                                                                                                                                                                |
| foreign_key_checks                                       | ON                                                                                                                                                                                                                                                                                                                                                                                                               |
| ft_boolean_syntax                                        | + -><()~*:""&|                                                                                                                                                                                                                                                                                                                                                                                                   |
| ft_max_word_len                                          | 84                                                                                                                                                                                                                                                                                                                                                                                                               |
| ft_min_word_len                                          | 4                                                                                                                                                                                                                                                                                                                                                                                                                |
| ft_query_expansion_limit                                 | 20                                                                                                                                                                                                                                                                                                                                                                                                               |
| ft_stopword_file                                         | (built-in)                                                                                                                                                                                                                                                                                                                                                                                                       |
| general_log                                              | OFF                                                                                                                                                                                                                                                                                                                                                                                                              |
| general_log_file                                         | SKYFALL.log                                                                                                                                                                                                                                                                                                                                                                                                      |
| group_concat_max_len                                     | 1024                                                                                                                                                                                                                                                                                                                                                                                                             |
| gtid_executed_compression_period                         | 1000                                                                                                                                                                                                                                                                                                                                                                                                             |
| gtid_mode                                                | OFF                                                                                                                                                                                                                                                                                                                                                                                                              |
| gtid_next                                                | AUTOMATIC                                                                                                                                                                                                                                                                                                                                                                                                        |
| gtid_owned                                               |                                                                                                                                                                                                                                                                                                                                                                                                                  |
| gtid_purged                                              |                                                                                                                                                                                                                                                                                                                                                                                                                  |
| have_compress                                            | YES                                                                                                                                                                                                                                                                                                                                                                                                              |
| have_crypt                                               | NO                                                                                                                                                                                                                                                                                                                                                                                                               |
| have_dynamic_loading                                     | YES                                                                                                                                                                                                                                                                                                                                                                                                              |
| have_geometry                                            | YES                                                                                                                                                                                                                                                                                                                                                                                                              |
| have_openssl                                             | DISABLED                                                                                                                                                                                                                                                                                                                                                                                                         |
| have_profiling                                           | YES                                                                                                                                                                                                                                                                                                                                                                                                              |
| have_query_cache                                         | YES                                                                                                                                                                                                                                                                                                                                                                                                              |
| have_rtree_keys                                          | YES                                                                                                                                                                                                                                                                                                                                                                                                              |
| have_ssl                                                 | DISABLED                                                                                                                                                                                                                                                                                                                                                                                                         |
| have_statement_timeout                                   | YES                                                                                                                                                                                                                                                                                                                                                                                                              |
| have_symlink                                             | YES                                                                                                                                                                                                                                                                                                                                                                                                              |
| host_cache_size                                          | 279                                                                                                                                                                                                                                                                                                                                                                                                              |
| hostname                                                 | Skyfall                                                                                                                                                                                                                                                                                                                                                                                                          |
| identity                                                 | 0                                                                                                                                                                                                                                                                                                                                                                                                                |
| ignore_builtin_innodb                                    | OFF                                                                                                                                                                                                                                                                                                                                                                                                              |
| ignore_db_dirs                                           |                                                                                                                                                                                                                                                                                                                                                                                                                  |
| init_connect                                             |                                                                                                                                                                                                                                                                                                                                                                                                                  |
| init_file                                                |                                                                                                                                                                                                                                                                                                                                                                                                                  |
| init_slave                                               |                                                                                                                                                                                                                                                                                                                                                                                                                  |
| innodb_adaptive_flushing                                 | ON                                                                                                                                                                                                                                                                                                                                                                                                               |
| innodb_adaptive_flushing_lwm                             | 10                                                                                                                                                                                                                                                                                                                                                                                                               |
| innodb_adaptive_hash_index                               | ON                                                                                                                                                                                                                                                                                                                                                                                                               |
| innodb_adaptive_hash_index_parts                         | 8                                                                                                                                                                                                                                                                                                                                                                                                                |
| innodb_adaptive_max_sleep_delay                          | 150000                                                                                                                                                                                                                                                                                                                                                                                                           |
| innodb_api_bk_commit_interval                            | 5                                                                                                                                                                                                                                                                                                                                                                                                                |
| innodb_api_disable_rowlock                               | OFF                                                                                                                                                                                                                                                                                                                                                                                                              |
| innodb_api_enable_binlog                                 | OFF                                                                                                                                                                                                                                                                                                                                                                                                              |
| innodb_api_enable_mdl                                    | OFF                                                                                                                                                                                                                                                                                                                                                                                                              |
| innodb_api_trx_level                                     | 0                                                                                                                                                                                                                                                                                                                                                                                                                |
| innodb_autoextend_increment                              | 64                                                                                                                                                                                                                                                                                                                                                                                                               |
| innodb_autoinc_lock_mode                                 | 1                                                                                                                                                                                                                                                                                                                                                                                                                |
| innodb_buffer_pool_chunk_size                            | 8388608                                                                                                                                                                                                                                                                                                                                                                                                          |
| innodb_buffer_pool_dump_at_shutdown                      | ON                                                                                                                                                                                                                                                                                                                                                                                                               |
| innodb_buffer_pool_dump_now                              | OFF                                                                                                                                                                                                                                                                                                                                                                                                              |
| innodb_buffer_pool_dump_pct                              | 25                                                                                                                                                                                                                                                                                                                                                                                                               |
| innodb_buffer_pool_filename                              | ib_buffer_pool                                                                                                                                                                                                                                                                                                                                                                                                   |
| innodb_buffer_pool_instances                             | 1                                                                                                                                                                                                                                                                                                                                                                                                                |
| innodb_buffer_pool_load_abort                            | OFF                                                                                                                                                                                                                                                                                                                                                                                                              |
| innodb_buffer_pool_load_at_startup                       | ON                                                                                                                                                                                                                                                                                                                                                                                                               |
| innodb_buffer_pool_load_now                              | OFF                                                                                                                                                                                                                                                                                                                                                                                                              |
| innodb_buffer_pool_size                                  | 8388608                                                                                                                                                                                                                                                                                                                                                                                                          |
| innodb_change_buffer_max_size                            | 25                                                                                                                                                                                                                                                                                                                                                                                                               |
| innodb_change_buffering                                  | all                                                                                                                                                                                                                                                                                                                                                                                                              |
| innodb_checksum_algorithm                                | crc32                                                                                                                                                                                                                                                                                                                                                                                                            |
| innodb_checksums                                         | ON                                                                                                                                                                                                                                                                                                                                                                                                               |
| innodb_cmp_per_index_enabled                             | OFF                                                                                                                                                                                                                                                                                                                                                                                                              |
| innodb_commit_concurrency                                | 0                                                                                                                                                                                                                                                                                                                                                                                                                |
| innodb_compression_failure_threshold_pct                 | 5                                                                                                                                                                                                                                                                                                                                                                                                                |
| innodb_compression_level                                 | 6                                                                                                                                                                                                                                                                                                                                                                                                                |
| innodb_compression_pad_pct_max                           | 50                                                                                                                                                                                                                                                                                                                                                                                                               |
| innodb_concurrency_tickets                               | 5000                                                                                                                                                                                                                                                                                                                                                                                                             |
| innodb_data_file_path                                    | ibdata1:12M:autoextend                                                                                                                                                                                                                                                                                                                                                                                           |
| innodb_data_home_dir                                     |                                                                                                                                                                                                                                                                                                                                                                                                                  |
| innodb_default_row_format                                | dynamic                                                                                                                                                                                                                                                                                                                                                                                                          |
| innodb_disable_sort_file_cache                           | OFF                                                                                                                                                                                                                                                                                                                                                                                                              |
| innodb_doublewrite                                       | ON                                                                                                                                                                                                                                                                                                                                                                                                               |
| innodb_fast_shutdown                                     | 1                                                                                                                                                                                                                                                                                                                                                                                                                |
| innodb_file_format                                       | Barracuda                                                                                                                                                                                                                                                                                                                                                                                                        |
| innodb_file_format_check                                 | ON                                                                                                                                                                                                                                                                                                                                                                                                               |
| innodb_file_format_max                                   | Barracuda                                                                                                                                                                                                                                                                                                                                                                                                        |
| innodb_file_per_table                                    | ON                                                                                                                                                                                                                                                                                                                                                                                                               |
| innodb_fill_factor                                       | 100                                                                                                                                                                                                                                                                                                                                                                                                              |
| innodb_flush_log_at_timeout                              | 1                                                                                                                                                                                                                                                                                                                                                                                                                |
| innodb_flush_log_at_trx_commit                           | 1                                                                                                                                                                                                                                                                                                                                                                                                                |
| innodb_flush_method                                      |                                                                                                                                                                                                                                                                                                                                                                                                                  |
| innodb_flush_neighbors                                   | 1                                                                                                                                                                                                                                                                                                                                                                                                                |
| innodb_flush_sync                                        | ON                                                                                                                                                                                                                                                                                                                                                                                                               |
| innodb_flushing_avg_loops                                | 30                                                                                                                                                                                                                                                                                                                                                                                                               |
| innodb_force_load_corrupted                              | OFF                                                                                                                                                                                                                                                                                                                                                                                                              |
| innodb_force_recovery                                    | 0                                                                                                                                                                                                                                                                                                                                                                                                                |
| innodb_ft_aux_table                                      |                                                                                                                                                                                                                                                                                                                                                                                                                  |
| innodb_ft_cache_size                                     | 8000000                                                                                                                                                                                                                                                                                                                                                                                                          |
| innodb_ft_enable_diag_print                              | OFF                                                                                                                                                                                                                                                                                                                                                                                                              |
| innodb_ft_enable_stopword                                | ON                                                                                                                                                                                                                                                                                                                                                                                                               |
| innodb_ft_max_token_size                                 | 84                                                                                                                                                                                                                                                                                                                                                                                                               |
| innodb_ft_min_token_size                                 | 3                                                                                                                                                                                                                                                                                                                                                                                                                |
| innodb_ft_num_word_optimize                              | 2000                                                                                                                                                                                                                                                                                                                                                                                                             |
| innodb_ft_result_cache_limit                             | 2000000000                                                                                                                                                                                                                                                                                                                                                                                                       |
| innodb_ft_server_stopword_table                          |                                                                                                                                                                                                                                                                                                                                                                                                                  |
| innodb_ft_sort_pll_degree                                | 2                                                                                                                                                                                                                                                                                                                                                                                                                |
| innodb_ft_total_cache_size                               | 640000000                                                                                                                                                                                                                                                                                                                                                                                                        |
| innodb_ft_user_stopword_table                            |                                                                                                                                                                                                                                                                                                                                                                                                                  |
| innodb_io_capacity                                       | 200                                                                                                                                                                                                                                                                                                                                                                                                              |
| innodb_io_capacity_max                                   | 2000                                                                                                                                                                                                                                                                                                                                                                                                             |
| innodb_large_prefix                                      | ON                                                                                                                                                                                                                                                                                                                                                                                                               |
| innodb_lock_wait_timeout                                 | 50                                                                                                                                                                                                                                                                                                                                                                                                               |
| innodb_locks_unsafe_for_binlog                           | OFF                                                                                                                                                                                                                                                                                                                                                                                                              |
| innodb_log_buffer_size                                   | 1048576                                                                                                                                                                                                                                                                                                                                                                                                          |
| innodb_log_checksums                                     | ON                                                                                                                                                                                                                                                                                                                                                                                                               |
| innodb_log_compressed_pages                              | ON                                                                                                                                                                                                                                                                                                                                                                                                               |
| innodb_log_file_size                                     | 50331648                                                                                                                                                                                                                                                                                                                                                                                                         |
| innodb_log_files_in_group                                | 2                                                                                                                                                                                                                                                                                                                                                                                                                |
| innodb_log_group_home_dir                                | .\                                                                                                                                                                                                                                                                                                                                                                                                               |
| innodb_log_write_ahead_size                              | 8192                                                                                                                                                                                                                                                                                                                                                                                                             |
| innodb_lru_scan_depth                                    | 1024                                                                                                                                                                                                                                                                                                                                                                                                             |
| innodb_max_dirty_pages_pct                               | 75.000000                                                                                                                                                                                                                                                                                                                                                                                                        |
| innodb_max_dirty_pages_pct_lwm                           | 0.000000                                                                                                                                                                                                                                                                                                                                                                                                         |
| innodb_max_purge_lag                                     | 0                                                                                                                                                                                                                                                                                                                                                                                                                |
| innodb_max_purge_lag_delay                               | 0                                                                                                                                                                                                                                                                                                                                                                                                                |
| innodb_max_undo_log_size                                 | 1073741824                                                                                                                                                                                                                                                                                                                                                                                                       |
| innodb_monitor_disable                                   |                                                                                                                                                                                                                                                                                                                                                                                                                  |
| innodb_monitor_enable                                    |                                                                                                                                                                                                                                                                                                                                                                                                                  |
| innodb_monitor_reset                                     |                                                                                                                                                                                                                                                                                                                                                                                                                  |
| innodb_monitor_reset_all                                 |                                                                                                                                                                                                                                                                                                                                                                                                                  |
| innodb_old_blocks_pct                                    | 37                                                                                                                                                                                                                                                                                                                                                                                                               |
| innodb_old_blocks_time                                   | 1000                                                                                                                                                                                                                                                                                                                                                                                                             |
| innodb_online_alter_log_max_size                         | 134217728                                                                                                                                                                                                                                                                                                                                                                                                        |
| innodb_open_files                                        | 300                                                                                                                                                                                                                                                                                                                                                                                                              |
| innodb_optimize_fulltext_only                            | OFF                                                                                                                                                                                                                                                                                                                                                                                                              |
| innodb_page_cleaners                                     | 1                                                                                                                                                                                                                                                                                                                                                                                                                |
| innodb_page_size                                         | 16384                                                                                                                                                                                                                                                                                                                                                                                                            |
| innodb_print_all_deadlocks                               | OFF                                                                                                                                                                                                                                                                                                                                                                                                              |
| innodb_purge_batch_size                                  | 300                                                                                                                                                                                                                                                                                                                                                                                                              |
| innodb_purge_rseg_truncate_frequency                     | 128                                                                                                                                                                                                                                                                                                                                                                                                              |
| innodb_purge_threads                                     | 4                                                                                                                                                                                                                                                                                                                                                                                                                |
| innodb_random_read_ahead                                 | OFF                                                                                                                                                                                                                                                                                                                                                                                                              |
| innodb_read_ahead_threshold                              | 56                                                                                                                                                                                                                                                                                                                                                                                                               |
| innodb_read_io_threads                                   | 4                                                                                                                                                                                                                                                                                                                                                                                                                |
| innodb_read_only                                         | OFF                                                                                                                                                                                                                                                                                                                                                                                                              |
| innodb_replication_delay                                 | 0                                                                                                                                                                                                                                                                                                                                                                                                                |
| innodb_rollback_on_timeout                               | OFF                                                                                                                                                                                                                                                                                                                                                                                                              |
| innodb_rollback_segments                                 | 128                                                                                                                                                                                                                                                                                                                                                                                                              |
| innodb_sort_buffer_size                                  | 1048576                                                                                                                                                                                                                                                                                                                                                                                                          |
| innodb_spin_wait_delay                                   | 6                                                                                                                                                                                                                                                                                                                                                                                                                |
| innodb_stats_auto_recalc                                 | ON                                                                                                                                                                                                                                                                                                                                                                                                               |
| innodb_stats_method                                      | nulls_equal                                                                                                                                                                                                                                                                                                                                                                                                      |
| innodb_stats_on_metadata                                 | OFF                                                                                                                                                                                                                                                                                                                                                                                                              |
| innodb_stats_persistent                                  | ON                                                                                                                                                                                                                                                                                                                                                                                                               |
| innodb_stats_persistent_sample_pages                     | 20                                                                                                                                                                                                                                                                                                                                                                                                               |
| innodb_stats_sample_pages                                | 8                                                                                                                                                                                                                                                                                                                                                                                                                |
| innodb_stats_transient_sample_pages                      | 8                                                                                                                                                                                                                                                                                                                                                                                                                |
| innodb_status_output                                     | OFF                                                                                                                                                                                                                                                                                                                                                                                                              |
| innodb_status_output_locks                               | OFF                                                                                                                                                                                                                                                                                                                                                                                                              |
| innodb_strict_mode                                       | ON                                                                                                                                                                                                                                                                                                                                                                                                               |
| innodb_support_xa                                        | ON                                                                                                                                                                                                                                                                                                                                                                                                               |
| innodb_sync_array_size                                   | 1                                                                                                                                                                                                                                                                                                                                                                                                                |
| innodb_sync_spin_loops                                   | 30                                                                                                                                                                                                                                                                                                                                                                                                               |
| innodb_table_locks                                       | ON                                                                                                                                                                                                                                                                                                                                                                                                               |
| innodb_temp_data_file_path                               | ibtmp1:12M:autoextend                                                                                                                                                                                                                                                                                                                                                                                            |
| innodb_thread_concurrency                                | 25                                                                                                                                                                                                                                                                                                                                                                                                               |
| innodb_thread_sleep_delay                                | 9                                                                                                                                                                                                                                                                                                                                                                                                                |
| innodb_undo_directory                                    | .\                                                                                                                                                                                                                                                                                                                                                                                                               |
| innodb_undo_log_truncate                                 | OFF                                                                                                                                                                                                                                                                                                                                                                                                              |
| innodb_undo_logs                                         | 128                                                                                                                                                                                                                                                                                                                                                                                                              |
| innodb_undo_tablespaces                                  | 0                                                                                                                                                                                                                                                                                                                                                                                                                |
| innodb_use_native_aio                                    | ON                                                                                                                                                                                                                                                                                                                                                                                                               |
| innodb_version                                           | 5.7.10                                                                                                                                                                                                                                                                                                                                                                                                           |
| innodb_write_io_threads                                  | 4                                                                                                                                                                                                                                                                                                                                                                                                                |
| insert_id                                                | 0                                                                                                                                                                                                                                                                                                                                                                                                                |
| interactive_timeout                                      | 28800                                                                                                                                                                                                                                                                                                                                                                                                            |
| internal_tmp_disk_storage_engine                         | InnoDB                                                                                                                                                                                                                                                                                                                                                                                                           |
| join_buffer_size                                         | 262144                                                                                                                                                                                                                                                                                                                                                                                                           |
| keep_files_on_create                                     | OFF                                                                                                                                                                                                                                                                                                                                                                                                              |
| key_buffer_size                                          | 8388608                                                                                                                                                                                                                                                                                                                                                                                                          |
| key_cache_age_threshold                                  | 300                                                                                                                                                                                                                                                                                                                                                                                                              |
| key_cache_block_size                                     | 1024                                                                                                                                                                                                                                                                                                                                                                                                             |
| key_cache_division_limit                                 | 100                                                                                                                                                                                                                                                                                                                                                                                                              |
| large_files_support                                      | ON                                                                                                                                                                                                                                                                                                                                                                                                               |
| large_page_size                                          | 0                                                                                                                                                                                                                                                                                                                                                                                                                |
| large_pages                                              | OFF                                                                                                                                                                                                                                                                                                                                                                                                              |
| last_insert_id                                           | 0                                                                                                                                                                                                                                                                                                                                                                                                                |
| lc_messages                                              | en_US                                                                                                                                                                                                                                                                                                                                                                                                            |
| lc_messages_dir                                          | C:\Program Files\MySQL\MySQL Server 5.7\share\                                                                                                                                                                                                                                                                                                                                                                   |
| lc_time_names                                            | en_US                                                                                                                                                                                                                                                                                                                                                                                                            |
| license                                                  | GPL                                                                                                                                                                                                                                                                                                                                                                                                              |
| local_infile                                             | ON                                                                                                                                                                                                                                                                                                                                                                                                               |
| lock_wait_timeout                                        | 31536000                                                                                                                                                                                                                                                                                                                                                                                                         |
| log_bin                                                  | OFF                                                                                                                                                                                                                                                                                                                                                                                                              |
| log_bin_basename                                         |                                                                                                                                                                                                                                                                                                                                                                                                                  |
| log_bin_index                                            |                                                                                                                                                                                                                                                                                                                                                                                                                  |
| log_bin_trust_function_creators                          | OFF                                                                                                                                                                                                                                                                                                                                                                                                              |
| log_bin_use_v1_row_events                                | OFF                                                                                                                                                                                                                                                                                                                                                                                                              |
| log_builtin_as_identified_by_password                    | OFF                                                                                                                                                                                                                                                                                                                                                                                                              |
| log_error                                                | .\SKYFALL.err                                                                                                                                                                                                                                                                                                                                                                                                    |
| log_error_verbosity                                      | 3                                                                                                                                                                                                                                                                                                                                                                                                                |
| log_output                                               | FILE                                                                                                                                                                                                                                                                                                                                                                                                             |
| log_queries_not_using_indexes                            | OFF                                                                                                                                                                                                                                                                                                                                                                                                              |
| log_slave_updates                                        | OFF                                                                                                                                                                                                                                                                                                                                                                                                              |
| log_slow_admin_statements                                | OFF                                                                                                                                                                                                                                                                                                                                                                                                              |
| log_slow_slave_statements                                | OFF                                                                                                                                                                                                                                                                                                                                                                                                              |
| log_syslog                                               | ON                                                                                                                                                                                                                                                                                                                                                                                                               |
| log_syslog_tag                                           |                                                                                                                                                                                                                                                                                                                                                                                                                  |
| log_throttle_queries_not_using_indexes                   | 0                                                                                                                                                                                                                                                                                                                                                                                                                |
| log_timestamps                                           | UTC                                                                                                                                                                                                                                                                                                                                                                                                              |
| log_warnings                                             | 2                                                                                                                                                                                                                                                                                                                                                                                                                |
| long_query_time                                          | 10.000000                                                                                                                                                                                                                                                                                                                                                                                                        |
| low_priority_updates                                     | OFF                                                                                                                                                                                                                                                                                                                                                                                                              |
| lower_case_file_system                                   | ON                                                                                                                                                                                                                                                                                                                                                                                                               |
| lower_case_table_names                                   | 1                                                                                                                                                                                                                                                                                                                                                                                                                |
| master_info_repository                                   | FILE                                                                                                                                                                                                                                                                                                                                                                                                             |
| master_verify_checksum                                   | OFF                                                                                                                                                                                                                                                                                                                                                                                                              |
| max_allowed_packet                                       | 4194304                                                                                                                                                                                                                                                                                                                                                                                                          |
| max_binlog_cache_size                                    | 18446744073709547520                                                                                                                                                                                                                                                                                                                                                                                             |
| max_binlog_size                                          | 1073741824                                                                                                                                                                                                                                                                                                                                                                                                       |
| max_binlog_stmt_cache_size                               | 18446744073709547520                                                                                                                                                                                                                                                                                                                                                                                             |
| max_connect_errors                                       | 100                                                                                                                                                                                                                                                                                                                                                                                                              |
| max_connections                                          | 151                                                                                                                                                                                                                                                                                                                                                                                                              |
| max_delayed_threads                                      | 20                                                                                                                                                                                                                                                                                                                                                                                                               |
| max_digest_length                                        | 1024                                                                                                                                                                                                                                                                                                                                                                                                             |
| max_error_count                                          | 64                                                                                                                                                                                                                                                                                                                                                                                                               |
| max_execution_time                                       | 0                                                                                                                                                                                                                                                                                                                                                                                                                |
| max_heap_table_size                                      | 16777216                                                                                                                                                                                                                                                                                                                                                                                                         |
| max_insert_delayed_threads                               | 20                                                                                                                                                                                                                                                                                                                                                                                                               |
| max_join_size                                            | 18446744073709551615                                                                                                                                                                                                                                                                                                                                                                                             |
| max_length_for_sort_data                                 | 1024                                                                                                                                                                                                                                                                                                                                                                                                             |
| max_points_in_geometry                                   | 65536                                                                                                                                                                                                                                                                                                                                                                                                            |
| max_prepared_stmt_count                                  | 16382                                                                                                                                                                                                                                                                                                                                                                                                            |
| max_relay_log_size                                       | 0                                                                                                                                                                                                                                                                                                                                                                                                                |
| max_seeks_for_key                                        | 4294967295                                                                                                                                                                                                                                                                                                                                                                                                       |
| max_sort_length                                          | 1024                                                                                                                                                                                                                                                                                                                                                                                                             |
| max_sp_recursion_depth                                   | 0                                                                                                                                                                                                                                                                                                                                                                                                                |
| max_tmp_tables                                           | 32                                                                                                                                                                                                                                                                                                                                                                                                               |
| max_user_connections                                     | 0                                                                                                                                                                                                                                                                                                                                                                                                                |
| max_write_lock_count                                     | 4294967295                                                                                                                                                                                                                                                                                                                                                                                                       |
| metadata_locks_cache_size                                | 1024                                                                                                                                                                                                                                                                                                                                                                                                             |
| metadata_locks_hash_instances                            | 8                                                                                                                                                                                                                                                                                                                                                                                                                |
| min_examined_row_limit                                   | 0                                                                                                                                                                                                                                                                                                                                                                                                                |
| multi_range_count                                        | 256                                                                                                                                                                                                                                                                                                                                                                                                              |
| myisam_data_pointer_size                                 | 6                                                                                                                                                                                                                                                                                                                                                                                                                |
| myisam_max_sort_file_size                                | 107374182400                                                                                                                                                                                                                                                                                                                                                                                                     |
| myisam_mmap_size                                         | 18446744073709551615                                                                                                                                                                                                                                                                                                                                                                                             |
| myisam_recover_options                                   | OFF                                                                                                                                                                                                                                                                                                                                                                                                              |
| myisam_repair_threads                                    | 1                                                                                                                                                                                                                                                                                                                                                                                                                |
| myisam_sort_buffer_size                                  | 377487360                                                                                                                                                                                                                                                                                                                                                                                                        |
| myisam_stats_method                                      | nulls_unequal                                                                                                                                                                                                                                                                                                                                                                                                    |
| myisam_use_mmap                                          | OFF                                                                                                                                                                                                                                                                                                                                                                                                              |
| mysql_native_password_proxy_users                        | OFF                                                                                                                                                                                                                                                                                                                                                                                                              |
| named_pipe                                               | OFF                                                                                                                                                                                                                                                                                                                                                                                                              |
| net_buffer_length                                        | 16384                                                                                                                                                                                                                                                                                                                                                                                                            |
| net_read_timeout                                         | 30                                                                                                                                                                                                                                                                                                                                                                                                               |
| net_retry_count                                          | 10                                                                                                                                                                                                                                                                                                                                                                                                               |
| net_write_timeout                                        | 60                                                                                                                                                                                                                                                                                                                                                                                                               |
| new                                                      | OFF                                                                                                                                                                                                                                                                                                                                                                                                              |
| ngram_token_size                                         | 2                                                                                                                                                                                                                                                                                                                                                                                                                |
| offline_mode                                             | OFF                                                                                                                                                                                                                                                                                                                                                                                                              |
| old                                                      | OFF                                                                                                                                                                                                                                                                                                                                                                                                              |
| old_alter_table                                          | OFF                                                                                                                                                                                                                                                                                                                                                                                                              |
| old_passwords                                            | 0                                                                                                                                                                                                                                                                                                                                                                                                                |
| open_files_limit                                         | 6209                                                                                                                                                                                                                                                                                                                                                                                                             |
| optimizer_prune_level                                    | 1                                                                                                                                                                                                                                                                                                                                                                                                                |
| optimizer_search_depth                                   | 62                                                                                                                                                                                                                                                                                                                                                                                                               |
| optimizer_switch                                         | index_merge=on,index_merge_union=on,index_merge_sort_union=on,index_merge_intersection=on,engine_condition_pushdown=on,index_condition_pushdown=on,mrr=on,mrr_cost_based=on,block_nested_loop=on,batched_key_access=off,materialization=on,semijoin=on,loosescan=on,firstmatch=on,duplicateweedout=on,subquery_materialization_cost_based=on,use_index_extensions=on,condition_fanout_filter=on,derived_merge=on |
| optimizer_trace                                          | enabled=off,one_line=off                                                                                                                                                                                                                                                                                                                                                                                         |
| optimizer_trace_features                                 | greedy_search=on,range_optimizer=on,dynamic_range=on,repeated_subselect=on                                                                                                                                                                                                                                                                                                                                       |
| optimizer_trace_limit                                    | 1                                                                                                                                                                                                                                                                                                                                                                                                                |
| optimizer_trace_max_mem_size                             | 16384                                                                                                                                                                                                                                                                                                                                                                                                            |
| optimizer_trace_offset                                   | -1                                                                                                                                                                                                                                                                                                                                                                                                               |
| performance_schema                                       | ON                                                                                                                                                                                                                                                                                                                                                                                                               |
| performance_schema_accounts_size                         | -1                                                                                                                                                                                                                                                                                                                                                                                                               |
| performance_schema_digests_size                          | 10000                                                                                                                                                                                                                                                                                                                                                                                                            |
| performance_schema_events_stages_history_long_size       | 10000                                                                                                                                                                                                                                                                                                                                                                                                            |
| performance_schema_events_stages_history_size            | 10                                                                                                                                                                                                                                                                                                                                                                                                               |
| performance_schema_events_statements_history_long_size   | 10000                                                                                                                                                                                                                                                                                                                                                                                                            |
| performance_schema_events_statements_history_size        | 10                                                                                                                                                                                                                                                                                                                                                                                                               |
| performance_schema_events_transactions_history_long_size | 10000                                                                                                                                                                                                                                                                                                                                                                                                            |
| performance_schema_events_transactions_history_size      | 10                                                                                                                                                                                                                                                                                                                                                                                                               |
| performance_schema_events_waits_history_long_size        | 10000                                                                                                                                                                                                                                                                                                                                                                                                            |
| performance_schema_events_waits_history_size             | 10                                                                                                                                                                                                                                                                                                                                                                                                               |
| performance_schema_hosts_size                            | -1                                                                                                                                                                                                                                                                                                                                                                                                               |
| performance_schema_max_cond_classes                      | 80                                                                                                                                                                                                                                                                                                                                                                                                               |
| performance_schema_max_cond_instances                    | -1                                                                                                                                                                                                                                                                                                                                                                                                               |
| performance_schema_max_digest_length                     | 1024                                                                                                                                                                                                                                                                                                                                                                                                             |
| performance_schema_max_file_classes                      | 80                                                                                                                                                                                                                                                                                                                                                                                                               |
| performance_schema_max_file_handles                      | 32768                                                                                                                                                                                                                                                                                                                                                                                                            |
| performance_schema_max_file_instances                    | -1                                                                                                                                                                                                                                                                                                                                                                                                               |
| performance_schema_max_index_stat                        | -1                                                                                                                                                                                                                                                                                                                                                                                                               |
| performance_schema_max_memory_classes                    | 320                                                                                                                                                                                                                                                                                                                                                                                                              |
| performance_schema_max_metadata_locks                    | -1                                                                                                                                                                                                                                                                                                                                                                                                               |
| performance_schema_max_mutex_classes                     | 200                                                                                                                                                                                                                                                                                                                                                                                                              |
| performance_schema_max_mutex_instances                   | -1                                                                                                                                                                                                                                                                                                                                                                                                               |
| performance_schema_max_prepared_statements_instances     | -1                                                                                                                                                                                                                                                                                                                                                                                                               |
| performance_schema_max_program_instances                 | -1                                                                                                                                                                                                                                                                                                                                                                                                               |
| performance_schema_max_rwlock_classes                    | 40                                                                                                                                                                                                                                                                                                                                                                                                               |
| performance_schema_max_rwlock_instances                  | -1                                                                                                                                                                                                                                                                                                                                                                                                               |
| performance_schema_max_socket_classes                    | 10                                                                                                                                                                                                                                                                                                                                                                                                               |
| performance_schema_max_socket_instances                  | -1                                                                                                                                                                                                                                                                                                                                                                                                               |
| performance_schema_max_sql_text_length                   | 1024                                                                                                                                                                                                                                                                                                                                                                                                             |
| performance_schema_max_stage_classes                     | 150                                                                                                                                                                                                                                                                                                                                                                                                              |
| performance_schema_max_statement_classes                 | 192                                                                                                                                                                                                                                                                                                                                                                                                              |
| performance_schema_max_statement_stack                   | 10                                                                                                                                                                                                                                                                                                                                                                                                               |
| performance_schema_max_table_handles                     | -1                                                                                                                                                                                                                                                                                                                                                                                                               |
| performance_schema_max_table_instances                   | -1                                                                                                                                                                                                                                                                                                                                                                                                               |
| performance_schema_max_table_lock_stat                   | -1                                                                                                                                                                                                                                                                                                                                                                                                               |
| performance_schema_max_thread_classes                    | 50                                                                                                                                                                                                                                                                                                                                                                                                               |
| performance_schema_max_thread_instances                  | -1                                                                                                                                                                                                                                                                                                                                                                                                               |
| performance_schema_session_connect_attrs_size            | 512                                                                                                                                                                                                                                                                                                                                                                                                              |
| performance_schema_setup_actors_size                     | -1                                                                                                                                                                                                                                                                                                                                                                                                               |
| performance_schema_setup_objects_size                    | -1                                                                                                                                                                                                                                                                                                                                                                                                               |
| performance_schema_users_size                            | -1                                                                                                                                                                                                                                                                                                                                                                                                               |
| pid_file                                                 | C:\ProgramData\MySQL\MySQL Server 5.7\Data\Skyfall.pid                                                                                                                                                                                                                                                                                                                                                           |
| plugin_dir                                               | C:\Program Files\MySQL\MySQL Server 5.7\lib\plugin\                                                                                                                                                                                                                                                                                                                                                              |
| port                                                     | 3306                                                                                                                                                                                                                                                                                                                                                                                                             |
| preload_buffer_size                                      | 32768                                                                                                                                                                                                                                                                                                                                                                                                            |
| profiling                                                | OFF                                                                                                                                                                                                                                                                                                                                                                                                              |
| profiling_history_size                                   | 15                                                                                                                                                                                                                                                                                                                                                                                                               |
| protocol_version                                         | 10                                                                                                                                                                                                                                                                                                                                                                                                               |
| proxy_user                                               |                                                                                                                                                                                                                                                                                                                                                                                                                  |
| pseudo_slave_mode                                        | OFF                                                                                                                                                                                                                                                                                                                                                                                                              |
| pseudo_thread_id                                         | 5                                                                                                                                                                                                                                                                                                                                                                                                                |
| query_alloc_block_size                                   | 8192                                                                                                                                                                                                                                                                                                                                                                                                             |
| query_cache_limit                                        | 1048576                                                                                                                                                                                                                                                                                                                                                                                                          |
| query_cache_min_res_unit                                 | 4096                                                                                                                                                                                                                                                                                                                                                                                                             |
| query_cache_size                                         | 0                                                                                                                                                                                                                                                                                                                                                                                                                |
| query_cache_type                                         | OFF                                                                                                                                                                                                                                                                                                                                                                                                              |
| query_cache_wlock_invalidate                             | OFF                                                                                                                                                                                                                                                                                                                                                                                                              |
| query_prealloc_size                                      | 8192                                                                                                                                                                                                                                                                                                                                                                                                             |
| rand_seed1                                               | 0                                                                                                                                                                                                                                                                                                                                                                                                                |
| rand_seed2                                               | 0                                                                                                                                                                                                                                                                                                                                                                                                                |
| range_alloc_block_size                                   | 4096                                                                                                                                                                                                                                                                                                                                                                                                             |
| range_optimizer_max_mem_size                             | 1536000                                                                                                                                                                                                                                                                                                                                                                                                          |
| rbr_exec_mode                                            | STRICT                                                                                                                                                                                                                                                                                                                                                                                                           |
| read_buffer_size                                         | 65536                                                                                                                                                                                                                                                                                                                                                                                                            |
| read_only                                                | OFF                                                                                                                                                                                                                                                                                                                                                                                                              |
| read_rnd_buffer_size                                     | 262144                                                                                                                                                                                                                                                                                                                                                                                                           |
| relay_log                                                |                                                                                                                                                                                                                                                                                                                                                                                                                  |
| relay_log_basename                                       |                                                                                                                                                                                                                                                                                                                                                                                                                  |
| relay_log_index                                          |                                                                                                                                                                                                                                                                                                                                                                                                                  |
| relay_log_info_file                                      | relay-log.info                                                                                                                                                                                                                                                                                                                                                                                                   |
| relay_log_info_repository                                | FILE                                                                                                                                                                                                                                                                                                                                                                                                             |
| relay_log_purge                                          | ON                                                                                                                                                                                                                                                                                                                                                                                                               |
| relay_log_recovery                                       | OFF                                                                                                                                                                                                                                                                                                                                                                                                              |
| relay_log_space_limit                                    | 0                                                                                                                                                                                                                                                                                                                                                                                                                |
| report_host                                              |                                                                                                                                                                                                                                                                                                                                                                                                                  |
| report_password                                          |                                                                                                                                                                                                                                                                                                                                                                                                                  |
| report_port                                              | 3306                                                                                                                                                                                                                                                                                                                                                                                                             |
| report_user                                              |                                                                                                                                                                                                                                                                                                                                                                                                                  |
| require_secure_transport                                 | OFF                                                                                                                                                                                                                                                                                                                                                                                                              |
| rpl_stop_slave_timeout                                   | 31536000                                                                                                                                                                                                                                                                                                                                                                                                         |
| secure_auth                                              | ON                                                                                                                                                                                                                                                                                                                                                                                                               |
| secure_file_priv                                         | C:\ProgramData\MySQL\MySQL Server 5.7\Uploads\                                                                                                                                                                                                                                                                                                                                                                   |
| server_id                                                | 1                                                                                                                                                                                                                                                                                                                                                                                                                |
| server_id_bits                                           | 32                                                                                                                                                                                                                                                                                                                                                                                                               |
| server_uuid                                              | a3ad04e5-c790-11e5-81f5-6c626d22d4ef                                                                                                                                                                                                                                                                                                                                                                             |
| session_track_gtids                                      | OFF                                                                                                                                                                                                                                                                                                                                                                                                              |
| session_track_schema                                     | ON                                                                                                                                                                                                                                                                                                                                                                                                               |
| session_track_state_change                               | OFF                                                                                                                                                                                                                                                                                                                                                                                                              |
| session_track_system_variables                           | time_zone,autocommit,character_set_client,character_set_results,character_set_connection                                                                                                                                                                                                                                                                                                                         |
| session_track_transaction_info                           | OFF                                                                                                                                                                                                                                                                                                                                                                                                              |
| sha256_password_proxy_users                              | OFF                                                                                                                                                                                                                                                                                                                                                                                                              |
| shared_memory                                            | OFF                                                                                                                                                                                                                                                                                                                                                                                                              |
| shared_memory_base_name                                  | MYSQL                                                                                                                                                                                                                                                                                                                                                                                                            |
| show_compatibility_56                                    | OFF                                                                                                                                                                                                                                                                                                                                                                                                              |
| show_old_temporals                                       | OFF                                                                                                                                                                                                                                                                                                                                                                                                              |
| skip_external_locking                                    | ON                                                                                                                                                                                                                                                                                                                                                                                                               |
| skip_name_resolve                                        | OFF                                                                                                                                                                                                                                                                                                                                                                                                              |
| skip_networking                                          | OFF                                                                                                                                                                                                                                                                                                                                                                                                              |
| skip_show_database                                       | OFF                                                                                                                                                                                                                                                                                                                                                                                                              |
| slave_allow_batching                                     | OFF                                                                                                                                                                                                                                                                                                                                                                                                              |
| slave_checkpoint_group                                   | 512                                                                                                                                                                                                                                                                                                                                                                                                              |
| slave_checkpoint_period                                  | 300                                                                                                                                                                                                                                                                                                                                                                                                              |
| slave_compressed_protocol                                | OFF                                                                                                                                                                                                                                                                                                                                                                                                              |
| slave_exec_mode                                          | STRICT                                                                                                                                                                                                                                                                                                                                                                                                           |
| slave_load_tmpdir                                        | C:\Windows\SERVIC~2\NETWOR~1\AppData\Local\Temp                                                                                                                                                                                                                                                                                                                                                                  |
| slave_max_allowed_packet                                 | 1073741824                                                                                                                                                                                                                                                                                                                                                                                                       |
| slave_net_timeout                                        | 60                                                                                                                                                                                                                                                                                                                                                                                                               |
| slave_parallel_type                                      | DATABASE                                                                                                                                                                                                                                                                                                                                                                                                         |
| slave_parallel_workers                                   | 0                                                                                                                                                                                                                                                                                                                                                                                                                |
| slave_pending_jobs_size_max                              | 16777216                                                                                                                                                                                                                                                                                                                                                                                                         |
| slave_preserve_commit_order                              | OFF                                                                                                                                                                                                                                                                                                                                                                                                              |
| slave_rows_search_algorithms                             | TABLE_SCAN,INDEX_SCAN                                                                                                                                                                                                                                                                                                                                                                                            |
| slave_skip_errors                                        | OFF                                                                                                                                                                                                                                                                                                                                                                                                              |
| slave_sql_verify_checksum                                | ON                                                                                                                                                                                                                                                                                                                                                                                                               |
| slave_transaction_retries                                | 10                                                                                                                                                                                                                                                                                                                                                                                                               |
| slave_type_conversions                                   |                                                                                                                                                                                                                                                                                                                                                                                                                  |
| slow_launch_time                                         | 2                                                                                                                                                                                                                                                                                                                                                                                                                |
| slow_query_log                                           | ON                                                                                                                                                                                                                                                                                                                                                                                                               |
| slow_query_log_file                                      | SKYFALL-slow.log                                                                                                                                                                                                                                                                                                                                                                                                 |
| socket                                                   | MySQL                                                                                                                                                                                                                                                                                                                                                                                                            |
| sort_buffer_size                                         | 262144                                                                                                                                                                                                                                                                                                                                                                                                           |
| sql_auto_is_null                                         | OFF                                                                                                                                                                                                                                                                                                                                                                                                              |
| sql_big_selects                                          | ON                                                                                                                                                                                                                                                                                                                                                                                                               |
| sql_buffer_result                                        | OFF                                                                                                                                                                                                                                                                                                                                                                                                              |
| sql_log_bin                                              | ON                                                                                                                                                                                                                                                                                                                                                                                                               |
| sql_log_off                                              | OFF                                                                                                                                                                                                                                                                                                                                                                                                              |
| sql_mode                                                 | STRICT_TRANS_TABLES,NO_AUTO_CREATE_USER,NO_ENGINE_SUBSTITUTION                                                                                                                                                                                                                                                                                                                                                   |
| sql_notes                                                | ON                                                                                                                                                                                                                                                                                                                                                                                                               |
| sql_quote_show_create                                    | ON                                                                                                                                                                                                                                                                                                                                                                                                               |
| sql_safe_updates                                         | OFF                                                                                                                                                                                                                                                                                                                                                                                                              |
| sql_select_limit                                         | 18446744073709551615                                                                                                                                                                                                                                                                                                                                                                                             |
| sql_slave_skip_counter                                   | 0                                                                                                                                                                                                                                                                                                                                                                                                                |
| sql_warnings                                             | OFF                                                                                                                                                                                                                                                                                                                                                                                                              |
| ssl_ca                                                   |                                                                                                                                                                                                                                                                                                                                                                                                                  |
| ssl_capath                                               |                                                                                                                                                                                                                                                                                                                                                                                                                  |
| ssl_cert                                                 |                                                                                                                                                                                                                                                                                                                                                                                                                  |
| ssl_cipher                                               |                                                                                                                                                                                                                                                                                                                                                                                                                  |
| ssl_crl                                                  |                                                                                                                                                                                                                                                                                                                                                                                                                  |
| ssl_crlpath                                              |                                                                                                                                                                                                                                                                                                                                                                                                                  |
| ssl_key                                                  |                                                                                                                                                                                                                                                                                                                                                                                                                  |
| stored_program_cache                                     | 256                                                                                                                                                                                                                                                                                                                                                                                                              |
| super_read_only                                          | OFF                                                                                                                                                                                                                                                                                                                                                                                                              |
| sync_binlog                                              | 1                                                                                                                                                                                                                                                                                                                                                                                                                |
| sync_frm                                                 | ON                                                                                                                                                                                                                                                                                                                                                                                                               |
| sync_master_info                                         | 10000                                                                                                                                                                                                                                                                                                                                                                                                            |
| sync_relay_log                                           | 10000                                                                                                                                                                                                                                                                                                                                                                                                            |
| sync_relay_log_info                                      | 10000                                                                                                                                                                                                                                                                                                                                                                                                            |
| system_time_zone                                         | Pacific Daylight Time                                                                                                                                                                                                                                                                                                                                                                                            |
| table_definition_cache                                   | 1400                                                                                                                                                                                                                                                                                                                                                                                                             |
| table_open_cache                                         | 2000                                                                                                                                                                                                                                                                                                                                                                                                             |
| table_open_cache_instances                               | 16                                                                                                                                                                                                                                                                                                                                                                                                               |
| thread_cache_size                                        | 10                                                                                                                                                                                                                                                                                                                                                                                                               |
| thread_handling                                          | one-thread-per-connection                                                                                                                                                                                                                                                                                                                                                                                        |
| thread_stack                                             | 262144                                                                                                                                                                                                                                                                                                                                                                                                           |
| time_format                                              | %H:%i:%s                                                                                                                                                                                                                                                                                                                                                                                                         |
| time_zone                                                | SYSTEM                                                                                                                                                                                                                                                                                                                                                                                                           |
| timestamp                                                | 1474840749.269192                                                                                                                                                                                                                                                                                                                                                                                                |
| tls_version                                              | TLSv1,TLSv1.1                                                                                                                                                                                                                                                                                                                                                                                                    |
| tmp_table_size                                           | 193986560                                                                                                                                                                                                                                                                                                                                                                                                        |
| tmpdir                                                   | C:\Windows\SERVIC~2\NETWOR~1\AppData\Local\Temp                                                                                                                                                                                                                                                                                                                                                                  |
| transaction_alloc_block_size                             | 8192                                                                                                                                                                                                                                                                                                                                                                                                             |
| transaction_allow_batching                               | OFF                                                                                                                                                                                                                                                                                                                                                                                                              |
| transaction_prealloc_size                                | 4096                                                                                                                                                                                                                                                                                                                                                                                                             |
| transaction_write_set_extraction                         | OFF                                                                                                                                                                                                                                                                                                                                                                                                              |
| tx_isolation                                             | REPEATABLE-READ                                                                                                                                                                                                                                                                                                                                                                                                  |
| tx_read_only                                             | OFF                                                                                                                                                                                                                                                                                                                                                                                                              |
| unique_checks                                            | ON                                                                                                                                                                                                                                                                                                                                                                                                               |
| updatable_views_with_limit                               | YES                                                                                                                                                                                                                                                                                                                                                                                                              |
| validate_password_dictionary_file                        |                                                                                                                                                                                                                                                                                                                                                                                                                  |
| validate_password_length                                 | 8                                                                                                                                                                                                                                                                                                                                                                                                                |
| validate_password_mixed_case_count                       | 1                                                                                                                                                                                                                                                                                                                                                                                                                |
| validate_password_number_count                           | 1                                                                                                                                                                                                                                                                                                                                                                                                                |
| validate_password_policy                                 | MEDIUM                                                                                                                                                                                                                                                                                                                                                                                                           |
| validate_password_special_char_count                     | 1                                                                                                                                                                                                                                                                                                                                                                                                                |
| version                                                  | 5.7.10-log                                                                                                                                                                                                                                                                                                                                                                                                       |
| version_comment                                          | MySQL Community Server (GPL)                                                                                                                                                                                                                                                                                                                                                                                     |
| version_compile_machine                                  | x86_64                                                                                                                                                                                                                                                                                                                                                                                                           |
| version_compile_os                                       | Win64                                                                                                                                                                                                                                                                                                                                                                                                            |
| wait_timeout                                             | 28800                                                                                                                                                                                                                                                                                                                                                                                                            |
| warning_count                                            | 0                                                                                                                                                                                                                                                                                                                                                                                                                |
+----------------------------------------------------------+------------------------------------------------------------------------------------------------------------------------------------------------------------------------------------------------------------------------------------------------------------------------------------------------------------------------------------------------------------------------------------------------------------------+
507 rows in set (0.01 sec)

mysql> show variables like "%INNODB_DATA%";
+-----------------------+------------------------+
| Variable_name         | Value                  |
+-----------------------+------------------------+
| innodb_data_file_path | ibdata1:12M:autoextend |
| innodb_data_home_dir  |                        |
+-----------------------+------------------------+
2 rows in set (0.00 sec)

mysql> show variables like "%INNODB_LOG%";
+-----------------------------+----------+
| Variable_name               | Value    |
+-----------------------------+----------+
| innodb_log_buffer_size      | 1048576  |
| innodb_log_checksums        | ON       |
| innodb_log_compressed_pages | ON       |
| innodb_log_file_size        | 50331648 |
| innodb_log_files_in_group   | 2        |
| innodb_log_group_home_dir   | .\       |
| innodb_log_write_ahead_size | 8192     |
+-----------------------------+----------+
7 rows in set (0.00 sec)

mysql> show vaiables like "%MYISAM%";
ERROR 1064 (42000): You have an error in your SQL syntax; check the manual that corresponds to your MySQL server version for the right syntax to use near 'vaiables like "%MYISAM%"' at line 1
mysql> show variables like "%myisam%";
+---------------------------+----------------------+
| Variable_name             | Value                |
+---------------------------+----------------------+
| myisam_data_pointer_size  | 6                    |
| myisam_max_sort_file_size | 107374182400         |
| myisam_mmap_size          | 18446744073709551615 |
| myisam_recover_options    | OFF                  |
| myisam_repair_threads     | 1                    |
| myisam_sort_buffer_size   | 377487360            |
| myisam_stats_method       | nulls_unequal        |
| myisam_use_mmap           | OFF                  |
+---------------------------+----------------------+
8 rows in set (0.00 sec)

mysql> create database devrydbm438;
ERROR 1007 (HY000): Can't create database 'devrydbm438'; database exists
mysql> show databases;
+--------------------+
| Database           |
+--------------------+
| information_schema |
| 5 ilab             |
| 5 projectweek      |
| 6                  |
| 6 ilab             |
| baseball           |
| baseball2016       |
| cis337             |
| devrydbm438        |
| mysql              |
| mytest             |
| new                |
| performance_schema |
| sys                |
+--------------------+
14 rows in set (0.00 sec)

mysql> use devrydbm438;
Database changed
mysql> show tables;
Empty set (0.00 sec)

mysql> create table S_EMP (i INT) ENGINE = MyISAM;
Query OK, 0 rows affected (0.06 sec)

mysql> create table S_DEPT (i INT) ENGINE = MyISAM;
Query OK, 0 rows affected (0.05 sec)

mysql> show tables;
+-----------------------+
| Tables_in_devrydbm438 |
+-----------------------+
| s_dept                |
| s_emp                 |
+-----------------------+
2 rows in set (0.00 sec)

mysql> Alter table s_dept add column deptno int(2);
Query OK, 0 rows affected (0.09 sec)
Records: 0  Duplicates: 0  Warnings: 0

mysql> show tables;
+-----------------------+
| Tables_in_devrydbm438 |
+-----------------------+
| s_dept                |
| s_emp                 |
+-----------------------+
2 rows in set (0.00 sec)

mysql> select * from s_dept;
Empty set (0.00 sec)

mysql> show columns from s_dept;
+--------+---------+------+-----+---------+-------+
| Field  | Type    | Null | Key | Default | Extra |
+--------+---------+------+-----+---------+-------+
| i      | int(11) | YES  |     | NULL    |       |
| deptno | int(2)  | YES  |     | NULL    |       |
+--------+---------+------+-----+---------+-------+
2 rows in set (0.00 sec)

mysql> alter table s_dept drop column i;
Query OK, 0 rows affected (0.05 sec)
Records: 0  Duplicates: 0  Warnings: 0

mysql> alter table s_dept drop column deptno;
ERROR 1090 (42000): You can't delete all columns with ALTER TABLE; use DROP TABLE instead
mysql> alter table s_dept add primary key (deptno);
Query OK, 0 rows affected (0.06 sec)
Records: 0  Duplicates: 0  Warnings: 0

mysql> show columns from s_dept;
+--------+--------+------+-----+---------+-------+
| Field  | Type   | Null | Key | Default | Extra |
+--------+--------+------+-----+---------+-------+
| deptno | int(2) | NO   | PRI | NULL    |       |
+--------+--------+------+-----+---------+-------+
1 row in set (0.00 sec)

mysql> alter table s_dept add column dname varchar(14);
Query OK, 0 rows affected (0.06 sec)
Records: 0  Duplicates: 0  Warnings: 0

mysql> alter tables s_dept add column loc char(13);
ERROR 1064 (42000): You have an error in your SQL syntax; check the manual that corresponds to your MySQL server version for the right syntax to use near 'tables s_dept add column loc char(13)' at line 1
mysql> alter table s_dept add column loc char(13);
Query OK, 0 rows affected (0.03 sec)
Records: 0  Duplicates: 0  Warnings: 0

mysql> alter table s_emp add column empno int(4);
Query OK, 0 rows affected (0.03 sec)
Records: 0  Duplicates: 0  Warnings: 0

mysql> alter table s_emp primary key (empno);
ERROR 1064 (42000): You have an error in your SQL syntax; check the manual that corresponds to your MySQL server version for the right syntax to use near 'primary key (empno)' at line 1
mysql> alter table s_emp add primary key(empno);
Query OK, 0 rows affected (0.03 sec)
Records: 0  Duplicates: 0  Warnings: 0

mysql> alter table s_emp add column ename varchar(10);
Query OK, 0 rows affected (0.03 sec)
Records: 0  Duplicates: 0  Warnings: 0

mysql> alter table s_emp add column job varchar(9);
Query OK, 0 rows affected (0.05 sec)
Records: 0  Duplicates: 0  Warnings: 0

mysql> alter table s_emp add column mgr int(4);
Query OK, 0 rows affected (0.05 sec)
Records: 0  Duplicates: 0  Warnings: 0

mysql> alter table s_emp add column hiredate date;
Query OK, 0 rows affected (0.05 sec)
Records: 0  Duplicates: 0  Warnings: 0

mysql> alter table s_emp add column sal number(7,2);
ERROR 1064 (42000): You have an error in your SQL syntax; check the manual that corresponds to your MySQL server version for the right syntax to use near 'number(7,2)' at line 1
mysql> alter table s_emp add column sal number(7,2);
ERROR 1064 (42000): You have an error in your SQL syntax; check the manual that corresponds to your MySQL server version for the right syntax to use near 'number(7,2)' at line 1
mysql> alter table s_emp add column sal decimal(7,2);
Query OK, 0 rows affected (0.03 sec)
Records: 0  Duplicates: 0  Warnings: 0

mysql> alter table s_emp add column com deciaml(7,2);
ERROR 1064 (42000): You have an error in your SQL syntax; check the manual that corresponds to your MySQL server version for the right syntax to use near 'deciaml(7,2)' at line 1
mysql> alter table s_emp add column comm decimal(7,2);
Query OK, 0 rows affected (0.05 sec)
Records: 0  Duplicates: 0  Warnings: 0

mysql> alter table s_emp add column deptno int(2);
Query OK, 0 rows affected (0.03 sec)
Records: 0  Duplicates: 0  Warnings: 0

mysql> alter table s_emp add constraint FK_deptno FOREGIN Key (deptno)
    -> references s_Dept.deptno (deptno);
ERROR 1064 (42000): You have an error in your SQL syntax; check the manual that corresponds to your MySQL server version for the right syntax to use near 'FOREGIN Key (deptno)
references s_Dept.deptno (deptno)' at line 1
mysql> alter table s_emp add constraint fk_deptno foreign key (deptno) references s_dept(deptno);
Query OK, 0 rows affected (0.05 sec)
Records: 0  Duplicates: 0  Warnings: 0

mysql> show tables;
+-----------------------+
| Tables_in_devrydbm438 |
+-----------------------+
| s_dept                |
| s_emp                 |
+-----------------------+
2 rows in set (0.00 sec)

mysql> select * from information_schema.tables;
+---------------+--------------------+------------------------------------------------------+-------------+--------------------+---------+------------+------------+----------------+-------------+--------------------+--------------+-----------+----------------+---------------------+---------------------+---------------------+-----------------+----------+--------------------+-----------------------------------------+
| TABLE_CATALOG | TABLE_SCHEMA       | TABLE_NAME                                           | TABLE_TYPE  | ENGINE             | VERSION | ROW_FORMAT | TABLE_ROWS | AVG_ROW_LENGTH | DATA_LENGTH | MAX_DATA_LENGTH    | INDEX_LENGTH | DATA_FREE | AUTO_INCREMENT | CREATE_TIME         | UPDATE_TIME         | CHECK_TIME          | TABLE_COLLATION | CHECKSUM | CREATE_OPTIONS     | TABLE_COMMENT                           |
+---------------+--------------------+------------------------------------------------------+-------------+--------------------+---------+------------+------------+----------------+-------------+--------------------+--------------+-----------+----------------+---------------------+---------------------+---------------------+-----------------+----------+--------------------+-----------------------------------------+
| def           | information_schema | CHARACTER_SETS                                       | SYSTEM VIEW | MEMORY             |      10 | Fixed      |       NULL |            384 |           0 |           16434816 |            0 |         0 |           NULL | 2016-09-25 17:40:41 | NULL                | NULL                | utf8_general_ci |     NULL | max_rows=43690     |                                         |
| def           | information_schema | COLLATIONS                                           | SYSTEM VIEW | MEMORY             |      10 | Fixed      |       NULL |            231 |           0 |           16704765 |            0 |         0 |           NULL | 2016-09-25 17:40:41 | NULL                | NULL                | utf8_general_ci |     NULL | max_rows=72628     |                                         |
| def           | information_schema | COLLATION_CHARACTER_SET_APPLICABILITY                | SYSTEM VIEW | MEMORY             |      10 | Fixed      |       NULL |            195 |           0 |           16357770 |            0 |         0 |           NULL | 2016-09-25 17:40:41 | NULL                | NULL                | utf8_general_ci |     NULL | max_rows=86037     |                                         |
| def           | information_schema | COLUMNS                                              | SYSTEM VIEW | InnoDB             |      10 | Dynamic    |       NULL |              0 |       16384 |                  0 |            0 |   8388608 |           NULL | NULL                | NULL                | NULL                | utf8_general_ci |     NULL | max_rows=32250     |                                         |
| def           | information_schema | COLUMN_PRIVILEGES                                    | SYSTEM VIEW | MEMORY             |      10 | Fixed      |       NULL |           2565 |           0 |           16757145 |            0 |         0 |           NULL | 2016-09-25 17:40:41 | NULL                | NULL                | utf8_general_ci |     NULL | max_rows=6540      |                                         |
| def           | information_schema | ENGINES                                              | SYSTEM VIEW | MEMORY             |      10 | Fixed      |       NULL |            490 |           0 |           16574250 |            0 |         0 |           NULL | 2016-09-25 17:40:41 | NULL                | NULL                | utf8_general_ci |     NULL | max_rows=34239     |                                         |
| def           | information_schema | EVENTS                                               | SYSTEM VIEW | InnoDB             |      10 | Dynamic    |       NULL |              0 |       16384 |                  0 |            0 |   8388608 |           NULL | NULL                | NULL                | NULL                | utf8_general_ci |     NULL | max_rows=7161      |                                         |
| def           | information_schema | FILES                                                | SYSTEM VIEW | MEMORY             |      10 | Fixed      |       NULL |          14468 |           0 |           16768412 |            0 |         0 |           NULL | 2016-09-25 17:40:41 | NULL                | NULL                | utf8_general_ci |     NULL | max_rows=1159      |                                         |
| def           | information_schema | GLOBAL_STATUS                                        | SYSTEM VIEW | MEMORY             |      10 | Fixed      |       NULL |           3268 |           0 |           16755036 |            0 |         0 |           NULL | 2016-09-25 17:40:41 | NULL                | NULL                | utf8_general_ci |     NULL | max_rows=5133      |                                         |
| def           | information_schema | GLOBAL_VARIABLES                                     | SYSTEM VIEW | MEMORY             |      10 | Fixed      |       NULL |           3268 |           0 |           16755036 |            0 |         0 |           NULL | 2016-09-25 17:40:41 | NULL                | NULL                | utf8_general_ci |     NULL | max_rows=5133      |                                         |
| def           | information_schema | KEY_COLUMN_USAGE                                     | SYSTEM VIEW | MEMORY             |      10 | Fixed      |       NULL |           4637 |           0 |           16762755 |            0 |         0 |           NULL | 2016-09-25 17:40:41 | NULL                | NULL                | utf8_general_ci |     NULL | max_rows=3618      |                                         |
| def           | information_schema | OPTIMIZER_TRACE                                      | SYSTEM VIEW | InnoDB             |      10 | Dynamic    |       NULL |              0 |       16384 |                  0 |            0 |   8388608 |           NULL | NULL                | NULL                | NULL                | utf8_general_ci |     NULL | max_rows=6689191   |                                         |
| def           | information_schema | PARAMETERS                                           | SYSTEM VIEW | InnoDB             |      10 | Dynamic    |       NULL |              0 |       16384 |                  0 |            0 |   8388608 |           NULL | NULL                | NULL                | NULL                | utf8_general_ci |     NULL | max_rows=69629     |                                         |
| def           | information_schema | PARTITIONS                                           | SYSTEM VIEW | InnoDB             |      10 | Dynamic    |       NULL |              0 |       16384 |                  0 |            0 |   8388608 |           NULL | NULL                | NULL                | NULL                | utf8_general_ci |     NULL | max_rows=64705     |                                         |
| def           | information_schema | PLUGINS                                              | SYSTEM VIEW | InnoDB             |      10 | Dynamic    |       NULL |              0 |       16384 |                  0 |            0 |   8388608 |           NULL | NULL                | NULL                | NULL                | utf8_general_ci |     NULL | max_rows=130983    |                                         |
| def           | information_schema | PROCESSLIST                                          | SYSTEM VIEW | InnoDB             |      10 | Dynamic    |       NULL |              0 |       16384 |                  0 |            0 |   8388608 |           NULL | NULL                | NULL                | NULL                | utf8_general_ci |     NULL | max_rows=258648    |                                         |
| def           | information_schema | PROFILING                                            | SYSTEM VIEW | MEMORY             |      10 | Fixed      |       NULL |            308 |           0 |           16562084 |            0 |         0 |           NULL | 2016-09-25 17:40:41 | NULL                | NULL                | utf8_general_ci |     NULL | max_rows=54471     |                                         |
| def           | information_schema | REFERENTIAL_CONSTRAINTS                              | SYSTEM VIEW | MEMORY             |      10 | Fixed      |       NULL |           4814 |           0 |           16767162 |            0 |         0 |           NULL | 2016-09-25 17:40:41 | NULL                | NULL                | utf8_general_ci |     NULL | max_rows=3485      |                                         |
| def           | information_schema | ROUTINES                                             | SYSTEM VIEW | InnoDB             |      10 | Dynamic    |       NULL |              0 |       16384 |                  0 |            0 |   8388608 |           NULL | NULL                | NULL                | NULL                | utf8_general_ci |     NULL | max_rows=6746      |                                         |
| def           | information_schema | SCHEMATA                                             | SYSTEM VIEW | MEMORY             |      10 | Fixed      |       NULL |           3464 |           0 |           16738048 |            0 |         0 |           NULL | 2016-09-25 17:40:41 | NULL                | NULL                | utf8_general_ci |     NULL | max_rows=4843      |                                         |
| def           | information_schema | SCHEMA_PRIVILEGES                                    | SYSTEM VIEW | MEMORY             |      10 | Fixed      |       NULL |           2179 |           0 |           16736899 |            0 |         0 |           NULL | 2016-09-25 17:40:41 | NULL                | NULL                | utf8_general_ci |     NULL | max_rows=7699      |                                         |
| def           | information_schema | SESSION_STATUS                                       | SYSTEM VIEW | MEMORY             |      10 | Fixed      |       NULL |           3268 |           0 |           16755036 |            0 |         0 |           NULL | 2016-09-25 17:40:41 | NULL                | NULL                | utf8_general_ci |     NULL | max_rows=5133      |                                         |
| def           | information_schema | SESSION_VARIABLES                                    | SYSTEM VIEW | MEMORY             |      10 | Fixed      |       NULL |           3268 |           0 |           16755036 |            0 |         0 |           NULL | 2016-09-25 17:40:41 | NULL                | NULL                | utf8_general_ci |     NULL | max_rows=5133      |                                         |
| def           | information_schema | STATISTICS                                           | SYSTEM VIEW | MEMORY             |      10 | Fixed      |       NULL |           5753 |           0 |           16752736 |            0 |         0 |           NULL | 2016-09-25 17:40:41 | NULL                | NULL                | utf8_general_ci |     NULL | max_rows=2916      |                                         |
| def           | information_schema | TABLES                                               | SYSTEM VIEW | MEMORY             |      10 | Fixed      |       NULL |           9441 |           0 |           16757775 |            0 |         0 |           NULL | 2016-09-25 17:40:41 | NULL                | NULL                | utf8_general_ci |     NULL | max_rows=1777      |                                         |
| def           | information_schema | TABLESPACES                                          | SYSTEM VIEW | MEMORY             |      10 | Fixed      |       NULL |           6951 |           0 |           16772763 |            0 |         0 |           NULL | 2016-09-25 17:40:41 | NULL                | NULL                | utf8_general_ci |     NULL | max_rows=2413      |                                         |
| def           | information_schema | TABLE_CONSTRAINTS                                    | SYSTEM VIEW | MEMORY             |      10 | Fixed      |       NULL |           2504 |           0 |           16721712 |            0 |         0 |           NULL | 2016-09-25 17:40:41 | NULL                | NULL                | utf8_general_ci |     NULL | max_rows=6700      |                                         |
| def           | information_schema | TABLE_PRIVILEGES                                     | SYSTEM VIEW | MEMORY             |      10 | Fixed      |       NULL |           2372 |           0 |           16748692 |            0 |         0 |           NULL | 2016-09-25 17:40:41 | NULL                | NULL                | utf8_general_ci |     NULL | max_rows=7073      |                                         |
| def           | information_schema | TRIGGERS                                             | SYSTEM VIEW | InnoDB             |      10 | Dynamic    |       NULL |              0 |       16384 |                  0 |            0 |   8388608 |           NULL | NULL                | NULL                | NULL                | utf8_general_ci |     NULL | max_rows=6584      |                                         |
| def           | information_schema | USER_PRIVILEGES                                      | SYSTEM VIEW | MEMORY             |      10 | Fixed      |       NULL |           1986 |           0 |           16726092 |            0 |         0 |           NULL | 2016-09-25 17:40:41 | NULL                | NULL                | utf8_general_ci |     NULL | max_rows=8447      |                                         |
| def           | information_schema | VIEWS                                                | SYSTEM VIEW | InnoDB             |      10 | Dynamic    |       NULL |              0 |       16384 |                  0 |            0 |   8388608 |           NULL | NULL                | NULL                | NULL                | utf8_general_ci |     NULL | max_rows=80192     |                                         |
| def           | information_schema | INNODB_LOCKS                                         | SYSTEM VIEW | MEMORY             |      10 | Fixed      |       NULL |          31244 |           0 |           16746784 |            0 |         0 |           NULL | 2016-09-25 17:40:41 | NULL                | NULL                | utf8_general_ci |     NULL | max_rows=536       |                                         |
| def           | information_schema | INNODB_TRX                                           | SYSTEM VIEW | MEMORY             |      10 | Fixed      |       NULL |           4536 |           0 |           16746912 |            0 |         0 |           NULL | 2016-09-25 17:40:41 | NULL                | NULL                | utf8_general_ci |     NULL | max_rows=3698      |                                         |
| def           | information_schema | INNODB_SYS_DATAFILES                                 | SYSTEM VIEW | MEMORY             |      10 | Fixed      |       NULL |          12007 |           0 |           16773779 |            0 |         0 |           NULL | 2016-09-25 17:40:41 | NULL                | NULL                | utf8_general_ci |     NULL | max_rows=1397      |                                         |
| def           | information_schema | INNODB_FT_CONFIG                                     | SYSTEM VIEW | MEMORY             |      10 | Fixed      |       NULL |           1163 |           0 |           16705332 |            0 |         0 |           NULL | 2016-09-25 17:40:41 | NULL                | NULL                | utf8_general_ci |     NULL | max_rows=14425     |                                         |
| def           | information_schema | INNODB_SYS_VIRTUAL                                   | SYSTEM VIEW | MEMORY             |      10 | Fixed      |       NULL |             17 |           0 |           11883850 |            0 |         0 |           NULL | 2016-09-25 17:40:41 | NULL                | NULL                | utf8_general_ci |     NULL | max_rows=986895    |                                         |
| def           | information_schema | INNODB_CMP                                           | SYSTEM VIEW | MEMORY             |      10 | Fixed      |       NULL |             25 |           0 |           13107200 |            0 |         0 |           NULL | 2016-09-25 17:40:41 | NULL                | NULL                | utf8_general_ci |     NULL | max_rows=671088    |                                         |
| def           | information_schema | INNODB_FT_BEING_DELETED                              | SYSTEM VIEW | MEMORY             |      10 | Fixed      |       NULL |              9 |           0 |            9437184 |            0 |         0 |           NULL | 2016-09-25 17:40:41 | NULL                | NULL                | utf8_general_ci |     NULL | max_rows=1864135   |                                         |
| def           | information_schema | INNODB_CMP_RESET                                     | SYSTEM VIEW | MEMORY             |      10 | Fixed      |       NULL |             25 |           0 |           13107200 |            0 |         0 |           NULL | 2016-09-25 17:40:41 | NULL                | NULL                | utf8_general_ci |     NULL | max_rows=671088    |                                         |
| def           | information_schema | INNODB_CMP_PER_INDEX                                 | SYSTEM VIEW | MEMORY             |      10 | Fixed      |       NULL |           1755 |           0 |           16728660 |            0 |         0 |           NULL | 2016-09-25 17:40:41 | NULL                | NULL                | utf8_general_ci |     NULL | max_rows=9559      |                                         |
| def           | information_schema | INNODB_CMPMEM_RESET                                  | SYSTEM VIEW | MEMORY             |      10 | Fixed      |       NULL |             29 |           0 |           15204352 |            0 |         0 |           NULL | 2016-09-25 17:40:41 | NULL                | NULL                | utf8_general_ci |     NULL | max_rows=578524    |                                         |
| def           | information_schema | INNODB_FT_DELETED                                    | SYSTEM VIEW | MEMORY             |      10 | Fixed      |       NULL |              9 |           0 |            9437184 |            0 |         0 |           NULL | 2016-09-25 17:40:41 | NULL                | NULL                | utf8_general_ci |     NULL | max_rows=1864135   |                                         |
| def           | information_schema | INNODB_BUFFER_PAGE_LRU                               | SYSTEM VIEW | MEMORY             |      10 | Fixed      |       NULL |           6669 |           0 |           16765866 |            0 |         0 |           NULL | 2016-09-25 17:40:41 | NULL                | NULL                | utf8_general_ci |     NULL | max_rows=2515      |                                         |
| def           | information_schema | INNODB_LOCK_WAITS                                    | SYSTEM VIEW | MEMORY             |      10 | Fixed      |       NULL |            599 |           0 |           16749238 |            0 |         0 |           NULL | 2016-09-25 17:40:41 | NULL                | NULL                | utf8_general_ci |     NULL | max_rows=28008     |                                         |
| def           | information_schema | INNODB_TEMP_TABLE_INFO                               | SYSTEM VIEW | MEMORY             |      10 | Fixed      |       NULL |           1011 |           0 |           16694643 |            0 |         0 |           NULL | 2016-09-25 17:40:41 | NULL                | NULL                | utf8_general_ci |     NULL | max_rows=16594     |                                         |
| def           | information_schema | INNODB_SYS_INDEXES                                   | SYSTEM VIEW | MEMORY             |      10 | Fixed      |       NULL |            618 |           0 |           16615548 |            0 |         0 |           NULL | 2016-09-25 17:40:41 | NULL                | NULL                | utf8_general_ci |     NULL | max_rows=27147     |                                         |
| def           | information_schema | INNODB_SYS_TABLES                                    | SYSTEM VIEW | MEMORY             |      10 | Fixed      |       NULL |           2091 |           0 |           16736364 |            0 |         0 |           NULL | 2016-09-25 17:40:41 | NULL                | NULL                | utf8_general_ci |     NULL | max_rows=8023      |                                         |
| def           | information_schema | INNODB_SYS_FIELDS                                    | SYSTEM VIEW | MEMORY             |      10 | Fixed      |       NULL |            594 |           0 |           16609428 |            0 |         0 |           NULL | 2016-09-25 17:40:41 | NULL                | NULL                | utf8_general_ci |     NULL | max_rows=28244     |                                         |
| def           | information_schema | INNODB_CMP_PER_INDEX_RESET                           | SYSTEM VIEW | MEMORY             |      10 | Fixed      |       NULL |           1755 |           0 |           16728660 |            0 |         0 |           NULL | 2016-09-25 17:40:41 | NULL                | NULL                | utf8_general_ci |     NULL | max_rows=9559      |                                         |
| def           | information_schema | INNODB_BUFFER_PAGE                                   | SYSTEM VIEW | MEMORY             |      10 | Fixed      |       NULL |           6852 |           0 |           16766844 |            0 |         0 |           NULL | 2016-09-25 17:40:41 | NULL                | NULL                | utf8_general_ci |     NULL | max_rows=2448      |                                         |
| def           | information_schema | INNODB_FT_DEFAULT_STOPWORD                           | SYSTEM VIEW | MEMORY             |      10 | Fixed      |       NULL |             56 |           0 |           14680064 |            0 |         0 |           NULL | 2016-09-25 17:40:41 | NULL                | NULL                | utf8_general_ci |     NULL | max_rows=299593    |                                         |
| def           | information_schema | INNODB_FT_INDEX_TABLE                                | SYSTEM VIEW | MEMORY             |      10 | Fixed      |       NULL |            808 |           0 |           16612480 |            0 |         0 |           NULL | 2016-09-25 17:40:41 | NULL                | NULL                | utf8_general_ci |     NULL | max_rows=20763     |                                         |
| def           | information_schema | INNODB_FT_INDEX_CACHE                                | SYSTEM VIEW | MEMORY             |      10 | Fixed      |       NULL |            808 |           0 |           16612480 |            0 |         0 |           NULL | 2016-09-25 17:40:41 | NULL                | NULL                | utf8_general_ci |     NULL | max_rows=20763     |                                         |
| def           | information_schema | INNODB_SYS_TABLESPACES                               | SYSTEM VIEW | MEMORY             |      10 | Fixed      |       NULL |           2133 |           0 |           16752582 |            0 |         0 |           NULL | 2016-09-25 17:40:41 | NULL                | NULL                | utf8_general_ci |     NULL | max_rows=7865      |                                         |
| def           | information_schema | INNODB_METRICS                                       | SYSTEM VIEW | MEMORY             |      10 | Fixed      |       NULL |           2994 |           0 |           16742448 |            0 |         0 |           NULL | 2016-09-25 17:40:41 | NULL                | NULL                | utf8_general_ci |     NULL | max_rows=5603      |                                         |
| def           | information_schema | INNODB_SYS_FOREIGN_COLS                              | SYSTEM VIEW | MEMORY             |      10 | Fixed      |       NULL |           1748 |           0 |           16738848 |            0 |         0 |           NULL | 2016-09-25 17:40:41 | NULL                | NULL                | utf8_general_ci |     NULL | max_rows=9597      |                                         |
| def           | information_schema | INNODB_CMPMEM                                        | SYSTEM VIEW | MEMORY             |      10 | Fixed      |       NULL |             29 |           0 |           15204352 |            0 |         0 |           NULL | 2016-09-25 17:40:41 | NULL                | NULL                | utf8_general_ci |     NULL | max_rows=578524    |                                         |
| def           | information_schema | INNODB_BUFFER_POOL_STATS                             | SYSTEM VIEW | MEMORY             |      10 | Fixed      |       NULL |            257 |           0 |           16332350 |            0 |         0 |           NULL | 2016-09-25 17:40:41 | NULL                | NULL                | utf8_general_ci |     NULL | max_rows=65280     |                                         |
| def           | information_schema | INNODB_SYS_COLUMNS                                   | SYSTEM VIEW | MEMORY             |      10 | Fixed      |       NULL |            610 |           0 |           16613350 |            0 |         0 |           NULL | 2016-09-25 17:40:41 | NULL                | NULL                | utf8_general_ci |     NULL | max_rows=27503     |                                         |
| def           | information_schema | INNODB_SYS_FOREIGN                                   | SYSTEM VIEW | MEMORY             |      10 | Fixed      |       NULL |           1752 |           0 |           16700064 |            0 |         0 |           NULL | 2016-09-25 17:40:41 | NULL                | NULL                | utf8_general_ci |     NULL | max_rows=9576      |                                         |
| def           | information_schema | INNODB_SYS_TABLESTATS                                | SYSTEM VIEW | MEMORY             |      10 | Fixed      |       NULL |           1215 |           0 |           16763355 |            0 |         0 |           NULL | 2016-09-25 17:40:41 | NULL                | NULL                | utf8_general_ci |     NULL | max_rows=13808     |                                         |
| def           | 5 ilab             | billing                                              | BASE TABLE  | InnoDB             |      10 | Dynamic    |          5 |           3276 |       16384 |                  0 |        16384 |         0 |           NULL | 2016-02-07 04:20:26 | NULL                | NULL                | utf8_general_ci |     NULL |                    |                                         |
| def           | 5 ilab             | client                                               | BASE TABLE  | InnoDB             |      10 | Dynamic    |          5 |           3276 |       16384 |                  0 |            0 |         0 |           NULL | 2016-02-07 04:19:05 | NULL                | NULL                | utf8_general_ci |     NULL |                    |                                         |
| def           | 5 ilab             | credit                                               | BASE TABLE  | InnoDB             |      10 | Dynamic    |          5 |           3276 |       16384 |                  0 |        16384 |         0 |           NULL | 2016-02-07 04:20:22 | NULL                | NULL                | utf8_general_ci |     NULL |                    |                                         |
| def           | 5 ilab             | sales                                                | BASE TABLE  | InnoDB             |      10 | Dynamic    |          4 |           4096 |       16384 |                  0 |        16384 |         0 |           NULL | 2016-02-07 04:19:13 | NULL                | NULL                | utf8_general_ci |     NULL |                    |                                         |
| def           | 6                  | artists                                              | BASE TABLE  | InnoDB             |      10 | Dynamic    |          7 |           2340 |       16384 |                  0 |            0 |         0 |           NULL | 2016-02-13 07:44:01 | NULL                | NULL                | utf8_general_ci |     NULL |                    |                                         |
| def           | 6                  | ca_customers                                         | VIEW        | NULL               |    NULL | NULL       |       NULL |           NULL |        NULL |               NULL |         NULL |      NULL |           NULL | NULL                | NULL                | NULL                | NULL            |     NULL | NULL               | VIEW                                    |
| def           | 6                  | customers                                            | BASE TABLE  | InnoDB             |      10 | Dynamic    |         25 |            655 |       16384 |                  0 |            0 |         0 |             28 | 2016-02-13 07:44:00 | NULL                | NULL                | utf8_general_ci |     NULL |                    |                                         |
| def           | 6                  | employees                                            | BASE TABLE  | InnoDB             |      10 | Dynamic    |          9 |           1820 |       16384 |                  0 |        16384 |         0 |           NULL | 2016-02-13 07:44:02 | NULL                | NULL                | utf8_general_ci |     NULL |                    |                                         |
| def           | 6                  | items                                                | BASE TABLE  | InnoDB             |      10 | Dynamic    |         10 |           1638 |       16384 |                  0 |        16384 |         0 |           NULL | 2016-02-13 07:44:01 | NULL                | NULL                | utf8_general_ci |     NULL |                    |                                         |
| def           | 6                  | order_details                                        | BASE TABLE  | InnoDB             |      10 | Dynamic    |         57 |            287 |       16384 |                  0 |        16384 |         0 |           NULL | 2016-02-13 07:44:03 | NULL                | NULL                | utf8_general_ci |     NULL |                    |                                         |
| def           | 6                  | orders                                               | BASE TABLE  | InnoDB             |      10 | Dynamic    |         42 |            390 |       16384 |                  0 |        32768 |         0 |           NULL | 2016-02-13 07:44:02 | NULL                | NULL                | utf8_general_ci |     NULL |                    |                                         |
| def           | 6                  | salesdata                                            | VIEW        | NULL               |    NULL | NULL       |       NULL |           NULL |        NULL |               NULL |         NULL |      NULL |           NULL | NULL                | NULL                | NULL                | NULL            |     NULL | NULL               | VIEW                                    |
| def           | 6                  | shipping_time                                        | VIEW        | NULL               |    NULL | NULL       |       NULL |           NULL |        NULL |               NULL |         NULL |      NULL |           NULL | NULL                | NULL                | NULL                | NULL            |     NULL | NULL               | VIEW                                    |
| def           | baseball           | pastseasons                                          | BASE TABLE  | InnoDB             |      10 | Dynamic    |        224 |             73 |       16384 |                  0 |            0 |         0 |           NULL | 2016-05-29 01:51:46 | NULL                | NULL                | utf8_general_ci |     NULL |                    |                                         |
| def           | baseball           | players                                              | BASE TABLE  | InnoDB             |      10 | Dynamic    |        160 |            102 |       16384 |                  0 |        16384 |         0 |           NULL | 2016-05-29 01:57:56 | NULL                | NULL                | utf8_general_ci |     NULL |                    |                                         |
| def           | baseball           | seasons                                              | BASE TABLE  | InnoDB             |      10 | Dynamic    |        112 |            146 |       16384 |                  0 |            0 |         0 |           NULL | 2016-05-29 01:51:07 | NULL                | NULL                | utf8_general_ci |     NULL |                    |                                         |
| def           | baseball           | teams                                                | BASE TABLE  | InnoDB             |      10 | Dynamic    |         16 |           1024 |       16384 |                  0 |        16384 |         0 |           NULL | 2016-05-29 01:56:12 | NULL                | NULL                | utf8_general_ci |     NULL |                    |                                         |
| def           | baseball           | view_allplayers                                      | VIEW        | NULL               |    NULL | NULL       |       NULL |           NULL |        NULL |               NULL |         NULL |      NULL |           NULL | NULL                | NULL                | NULL                | NULL            |     NULL | NULL               | VIEW                                    |
| def           | baseball           | view_matchup                                         | VIEW        | NULL               |    NULL | NULL       |       NULL |           NULL |        NULL |               NULL |         NULL |      NULL |           NULL | NULL                | NULL                | NULL                | NULL            |     NULL | NULL               | VIEW                                    |
| def           | cis337             | artists                                              | BASE TABLE  | InnoDB             |      10 | Dynamic    |          7 |           2340 |       16384 |                  0 |            0 |         0 |           NULL | 2016-01-30 12:54:39 | NULL                | NULL                | utf8_general_ci |     NULL |                    |                                         |
| def           | cis337             | customers                                            | BASE TABLE  | InnoDB             |      10 | Dynamic    |         25 |            655 |       16384 |                  0 |            0 |         0 |           NULL | 2016-01-30 12:54:38 | NULL                | NULL                | utf8_general_ci |     NULL |                    |                                         |
| def           | cis337             | employees                                            | BASE TABLE  | InnoDB             |      10 | Dynamic    |          9 |           1820 |       16384 |                  0 |        16384 |         0 |           NULL | 2016-01-30 12:54:39 | NULL                | NULL                | utf8_general_ci |     NULL |                    |                                         |
| def           | cis337             | items                                                | BASE TABLE  | InnoDB             |      10 | Dynamic    |         10 |           1638 |       16384 |                  0 |        16384 |         0 |           NULL | 2016-01-30 12:54:39 | NULL                | NULL                | utf8_general_ci |     NULL |                    |                                         |
| def           | cis337             | order_details                                        | BASE TABLE  | InnoDB             |      10 | Dynamic    |         57 |            287 |       16384 |                  0 |        16384 |         0 |           NULL | 2016-01-30 12:54:39 | NULL                | NULL                | utf8_general_ci |     NULL |                    |                                         |
| def           | cis337             | orders                                               | BASE TABLE  | InnoDB             |      10 | Dynamic    |         42 |            390 |       16384 |                  0 |        32768 |         0 |           NULL | 2016-01-30 12:54:39 | NULL                | NULL                | utf8_general_ci |     NULL |                    |                                         |
| def           | devrydbm438        | s_dept                                               | BASE TABLE  | MyISAM             |      10 | Dynamic    |          0 |              0 |           0 |    281474976710655 |         1024 |         0 |           NULL | 2016-09-25 15:26:22 | 2016-09-25 15:26:22 | NULL                | utf8_general_ci |     NULL |                    |                                         |
| def           | devrydbm438        | s_emp                                                | BASE TABLE  | MyISAM             |      10 | Dynamic    |          0 |              0 |           0 |    281474976710655 |         1024 |         0 |           NULL | 2016-09-25 17:38:14 | 2016-09-25 17:38:14 | 2016-09-25 17:38:14 | utf8_general_ci |     NULL |                    |                                         |
| def           | mysql              | columns_priv                                         | BASE TABLE  | MyISAM             |      10 | Fixed      |          0 |              0 |           0 | 241505530017742847 |         4096 |         0 |           NULL | 2016-01-30 12:32:54 | 2016-01-30 13:32:54 | NULL                | utf8_bin        |     NULL |                    | Column privileges                       |
| def           | mysql              | db                                                   | BASE TABLE  | MyISAM             |      10 | Fixed      |          1 |            488 |         488 | 137359788634800127 |         5120 |         0 |           NULL | 2016-01-30 12:32:54 | 2016-01-30 13:33:06 | NULL                | utf8_bin        |     NULL |                    | Database privileges                     |
| def           | mysql              | engine_cost                                          | BASE TABLE  | InnoDB             |      10 | Dynamic    |          2 |           8192 |       16384 |                  0 |            0 |         0 |           NULL | 2016-01-30 12:32:57 | NULL                | NULL                | utf8_general_ci |     NULL | stats_persistent=0 |                                         |
| def           | mysql              | event                                                | BASE TABLE  | MyISAM             |      10 | Dynamic    |          1 |           1148 |        1148 |    281474976710655 |         4096 |         0 |           NULL | 2016-01-30 12:32:56 | 2016-06-15 02:36:14 | NULL                | utf8_general_ci |     NULL |                    | Events                                  |
| def           | mysql              | func                                                 | BASE TABLE  | MyISAM             |      10 | Fixed      |          0 |              0 |           0 | 162974011515469823 |         1024 |         0 |           NULL | 2016-01-30 12:32:54 | 2016-01-30 13:32:54 | NULL                | utf8_bin        |     NULL |                    | User defined functions                  |
| def           | mysql              | general_log                                          | BASE TABLE  | CSV                |      10 | Dynamic    |          2 |              0 |           0 |                  0 |            0 |         0 |           NULL | NULL                | NULL                | NULL                | utf8_general_ci |     NULL |                    | General log                             |
| def           | mysql              | gtid_executed                                        | BASE TABLE  | InnoDB             |      10 | Dynamic    |          0 |              0 |       16384 |                  0 |            0 |         0 |           NULL | 2016-01-30 12:32:57 | NULL                | NULL                | utf8_general_ci |     NULL |                    |                                         |
| def           | mysql              | help_category                                        | BASE TABLE  | InnoDB             |      10 | Dynamic    |         40 |            409 |       16384 |                  0 |        16384 |         0 |           NULL | 2016-01-30 12:32:54 | NULL                | NULL                | utf8_general_ci |     NULL | stats_persistent=0 | help categories                         |
| def           | mysql              | help_keyword                                         | BASE TABLE  | InnoDB             |      10 | Dynamic    |        684 |            143 |       98304 |                  0 |        81920 |         0 |           NULL | 2016-01-30 12:32:55 | NULL                | NULL                | utf8_general_ci |     NULL | stats_persistent=0 | help keywords                           |
| def           | mysql              | help_relation                                        | BASE TABLE  | InnoDB             |      10 | Dynamic    |       1315 |             49 |       65536 |                  0 |            0 |         0 |           NULL | 2016-01-30 12:32:55 | NULL                | NULL                | utf8_general_ci |     NULL | stats_persistent=0 | keyword-topic relation                  |
| def           | mysql              | help_topic                                           | BASE TABLE  | InnoDB             |      10 | Dynamic    |        536 |           2965 |     1589248 |                  0 |        81920 |   4194304 |           NULL | 2016-01-30 12:32:54 | NULL                | NULL                | utf8_general_ci |     NULL | stats_persistent=0 | help topics                             |
| def           | mysql              | innodb_index_stats                                   | BASE TABLE  | InnoDB             |      10 | Dynamic    |        163 |            301 |       49152 |                  0 |            0 |         0 |           NULL | 2016-01-30 12:32:56 | NULL                | NULL                | utf8_bin        |     NULL | stats_persistent=0 |                                         |
| def           | mysql              | innodb_table_stats                                   | BASE TABLE  | InnoDB             |      10 | Dynamic    |         28 |            585 |       16384 |                  0 |            0 |         0 |           NULL | 2016-01-30 12:32:56 | NULL                | NULL                | utf8_bin        |     NULL | stats_persistent=0 |                                         |
| def           | mysql              | ndb_binlog_index                                     | BASE TABLE  | MyISAM             |      10 | Dynamic    |          0 |              0 |           0 |    281474976710655 |         1024 |         0 |           NULL | 2016-01-30 12:32:56 | 2016-01-30 13:32:56 | NULL                | utf8_general_ci |     NULL |                    |                                         |
| def           | mysql              | plugin                                               | BASE TABLE  | InnoDB             |      10 | Dynamic    |          1 |          16384 |       16384 |                  0 |            0 |         0 |           NULL | 2016-01-30 12:32:54 | NULL                | NULL                | utf8_general_ci |     NULL | stats_persistent=0 | MySQL plugins                           |
| def           | mysql              | proc                                                 | BASE TABLE  | MyISAM             |      10 | Dynamic    |         50 |           5904 |      295244 |    281474976710655 |         4096 |         0 |           NULL | 2016-01-30 12:32:56 | 2016-06-15 02:36:14 | NULL                | utf8_general_ci |     NULL |                    | Stored Procedures                       |
| def           | mysql              | procs_priv                                           | BASE TABLE  | MyISAM             |      10 | Fixed      |          0 |              0 |           0 | 252764529086169087 |         4096 |         0 |           NULL | 2016-01-30 12:32:56 | 2016-01-30 13:32:56 | NULL                | utf8_bin        |     NULL |                    | Procedure privileges                    |
| def           | mysql              | proxies_priv                                         | BASE TABLE  | MyISAM             |      10 | Fixed      |          1 |            789 |         789 | 222083756624707583 |         8192 |         0 |           NULL | 2016-01-30 12:33:01 | 2016-01-30 13:33:06 | NULL                | utf8_bin        |     NULL |                    | User proxy privileges                   |
| def           | mysql              | server_cost                                          | BASE TABLE  | InnoDB             |      10 | Dynamic    |          6 |           2730 |       16384 |                  0 |            0 |         0 |           NULL | 2016-01-30 12:32:57 | NULL                | NULL                | utf8_general_ci |     NULL | stats_persistent=0 |                                         |
| def           | mysql              | servers                                              | BASE TABLE  | InnoDB             |      10 | Dynamic    |          0 |              0 |       16384 |                  0 |            0 |         0 |           NULL | 2016-01-30 12:32:54 | NULL                | NULL                | utf8_general_ci |     NULL | stats_persistent=0 | MySQL Foreign Servers table             |
| def           | mysql              | slave_master_info                                    | BASE TABLE  | InnoDB             |      10 | Dynamic    |          0 |              0 |       16384 |                  0 |            0 |         0 |           NULL | 2016-01-30 12:32:56 | NULL                | NULL                | utf8_general_ci |     NULL | stats_persistent=0 | Master Information                      |
| def           | mysql              | slave_relay_log_info                                 | BASE TABLE  | InnoDB             |      10 | Dynamic    |          0 |              0 |       16384 |                  0 |            0 |         0 |           NULL | 2016-01-30 12:32:56 | NULL                | NULL                | utf8_general_ci |     NULL | stats_persistent=0 | Relay Log Information                   |
| def           | mysql              | slave_worker_info                                    | BASE TABLE  | InnoDB             |      10 | Dynamic    |          0 |              0 |       16384 |                  0 |            0 |         0 |           NULL | 2016-01-30 12:32:57 | NULL                | NULL                | utf8_general_ci |     NULL | stats_persistent=0 | Worker Information                      |
| def           | mysql              | slow_log                                             | BASE TABLE  | CSV                |      10 | Dynamic    |          2 |              0 |           0 |                  0 |            0 |         0 |           NULL | NULL                | NULL                | NULL                | utf8_general_ci |     NULL |                    | Slow log                                |
| def           | mysql              | tables_priv                                          | BASE TABLE  | MyISAM             |      10 | Fixed      |          1 |            899 |         899 | 253046004062879743 |         8192 |         0 |           NULL | 2016-01-30 12:32:54 | 2016-01-30 13:33:06 | NULL                | utf8_bin        |     NULL |                    | Table privileges                        |
| def           | mysql              | time_zone                                            | BASE TABLE  | InnoDB             |      10 | Dynamic    |          0 |              0 |       16384 |                  0 |            0 |         0 |              1 | 2016-01-30 12:32:55 | NULL                | NULL                | utf8_general_ci |     NULL | stats_persistent=0 | Time zones                              |
| def           | mysql              | time_zone_leap_second                                | BASE TABLE  | InnoDB             |      10 | Dynamic    |          0 |              0 |       16384 |                  0 |            0 |         0 |           NULL | 2016-01-30 12:32:56 | NULL                | NULL                | utf8_general_ci |     NULL | stats_persistent=0 | Leap seconds information for time zones |
| def           | mysql              | time_zone_name                                       | BASE TABLE  | InnoDB             |      10 | Dynamic    |          0 |              0 |       16384 |                  0 |            0 |         0 |           NULL | 2016-01-30 12:32:55 | NULL                | NULL                | utf8_general_ci |     NULL | stats_persistent=0 | Time zone names                         |
| def           | mysql              | time_zone_transition                                 | BASE TABLE  | InnoDB             |      10 | Dynamic    |          0 |              0 |       16384 |                  0 |            0 |         0 |           NULL | 2016-01-30 12:32:55 | NULL                | NULL                | utf8_general_ci |     NULL | stats_persistent=0 | Time zone transitions                   |
| def           | mysql              | time_zone_transition_type                            | BASE TABLE  | InnoDB             |      10 | Dynamic    |          0 |              0 |       16384 |                  0 |            0 |         0 |           NULL | 2016-01-30 12:32:55 | NULL                | NULL                | utf8_general_ci |     NULL | stats_persistent=0 | Time zone transition types              |
| def           | mysql              | user                                                 | BASE TABLE  | MyISAM             |      10 | Dynamic    |          3 |            126 |         380 |    281474976710655 |         4096 |         0 |           NULL | 2016-01-30 12:32:54 | 2016-01-30 13:33:06 | NULL                | utf8_bin        |     NULL |                    | Users and global privileges             |
| def           | new                | artists                                              | BASE TABLE  | InnoDB             |      10 | Dynamic    |          7 |           2340 |       16384 |                  0 |            0 |         0 |           NULL | 2016-02-06 18:21:31 | NULL                | NULL                | utf8_general_ci |     NULL |                    |                                         |
| def           | new                | customers                                            | BASE TABLE  | InnoDB             |      10 | Dynamic    |         25 |            655 |       16384 |                  0 |            0 |         0 |           NULL | 2016-02-06 18:21:31 | NULL                | NULL                | utf8_general_ci |     NULL |                    |                                         |
| def           | new                | employees                                            | BASE TABLE  | InnoDB             |      10 | Dynamic    |          9 |           1820 |       16384 |                  0 |        16384 |         0 |           NULL | 2016-02-06 18:21:32 | NULL                | NULL                | utf8_general_ci |     NULL |                    |                                         |
| def           | new                | items                                                | BASE TABLE  | InnoDB             |      10 | Dynamic    |         10 |           1638 |       16384 |                  0 |        16384 |         0 |           NULL | 2016-02-06 18:21:32 | NULL                | NULL                | utf8_general_ci |     NULL |                    |                                         |
| def           | new                | order_details                                        | BASE TABLE  | InnoDB             |      10 | Dynamic    |         57 |            287 |       16384 |                  0 |        16384 |         0 |           NULL | 2016-02-06 18:21:32 | NULL                | NULL                | utf8_general_ci |     NULL |                    |                                         |
| def           | new                | orders                                               | BASE TABLE  | InnoDB             |      10 | Dynamic    |         42 |            390 |       16384 |                  0 |        32768 |         0 |           NULL | 2016-02-06 18:21:32 | NULL                | NULL                | utf8_general_ci |     NULL |                    |                                         |
| def           | performance_schema | accounts                                             | BASE TABLE  | PERFORMANCE_SCHEMA |      10 | Fixed      |        128 |              0 |           0 |                  0 |            0 |         0 |           NULL | NULL                | NULL                | NULL                | utf8_general_ci |     NULL |                    |                                         |
| def           | performance_schema | cond_instances                                       | BASE TABLE  | PERFORMANCE_SCHEMA |      10 | Dynamic    |          0 |              0 |           0 |                  0 |            0 |         0 |           NULL | NULL                | NULL                | NULL                | utf8_general_ci |     NULL |                    |                                         |
| def           | performance_schema | events_stages_current                                | BASE TABLE  | PERFORMANCE_SCHEMA |      10 | Dynamic    |        256 |              0 |           0 |                  0 |            0 |         0 |           NULL | NULL                | NULL                | NULL                | utf8_general_ci |     NULL |                    |                                         |
| def           | performance_schema | events_stages_history                                | BASE TABLE  | PERFORMANCE_SCHEMA |      10 | Dynamic    |       2560 |              0 |           0 |                  0 |            0 |         0 |           NULL | NULL                | NULL                | NULL                | utf8_general_ci |     NULL |                    |                                         |
| def           | performance_schema | events_stages_history_long                           | BASE TABLE  | PERFORMANCE_SCHEMA |      10 | Dynamic    |      10000 |              0 |           0 |                  0 |            0 |         0 |           NULL | NULL                | NULL                | NULL                | utf8_general_ci |     NULL |                    |                                         |
| def           | performance_schema | events_stages_summary_by_account_by_event_name       | BASE TABLE  | PERFORMANCE_SCHEMA |      10 | Dynamic    |      19200 |              0 |           0 |                  0 |            0 |         0 |           NULL | NULL                | NULL                | NULL                | utf8_general_ci |     NULL |                    |                                         |
| def           | performance_schema | events_stages_summary_by_host_by_event_name          | BASE TABLE  | PERFORMANCE_SCHEMA |      10 | Dynamic    |      19200 |              0 |           0 |                  0 |            0 |         0 |           NULL | NULL                | NULL                | NULL                | utf8_general_ci |     NULL |                    |                                         |
| def           | performance_schema | events_stages_summary_by_thread_by_event_name        | BASE TABLE  | PERFORMANCE_SCHEMA |      10 | Dynamic    |      38400 |              0 |           0 |                  0 |            0 |         0 |           NULL | NULL                | NULL                | NULL                | utf8_general_ci |     NULL |                    |                                         |
| def           | performance_schema | events_stages_summary_by_user_by_event_name          | BASE TABLE  | PERFORMANCE_SCHEMA |      10 | Dynamic    |      19200 |              0 |           0 |                  0 |            0 |         0 |           NULL | NULL                | NULL                | NULL                | utf8_general_ci |     NULL |                    |                                         |
| def           | performance_schema | events_stages_summary_global_by_event_name           | BASE TABLE  | PERFORMANCE_SCHEMA |      10 | Dynamic    |        150 |              0 |           0 |                  0 |            0 |         0 |           NULL | NULL                | NULL                | NULL                | utf8_general_ci |     NULL |                    |                                         |
| def           | performance_schema | events_statements_current                            | BASE TABLE  | PERFORMANCE_SCHEMA |      10 | Dynamic    |       2560 |              0 |           0 |                  0 |            0 |         0 |           NULL | NULL                | NULL                | NULL                | utf8_general_ci |     NULL |                    |                                         |
| def           | performance_schema | events_statements_history                            | BASE TABLE  | PERFORMANCE_SCHEMA |      10 | Dynamic    |       2560 |              0 |           0 |                  0 |            0 |         0 |           NULL | NULL                | NULL                | NULL                | utf8_general_ci |     NULL |                    |                                         |
| def           | performance_schema | events_statements_history_long                       | BASE TABLE  | PERFORMANCE_SCHEMA |      10 | Dynamic    |      10000 |              0 |           0 |                  0 |            0 |         0 |           NULL | NULL                | NULL                | NULL                | utf8_general_ci |     NULL |                    |                                         |
| def           | performance_schema | events_statements_summary_by_account_by_event_name   | BASE TABLE  | PERFORMANCE_SCHEMA |      10 | Dynamic    |      24576 |              0 |           0 |                  0 |            0 |         0 |           NULL | NULL                | NULL                | NULL                | utf8_general_ci |     NULL |                    |                                         |
| def           | performance_schema | events_statements_summary_by_digest                  | BASE TABLE  | PERFORMANCE_SCHEMA |      10 | Dynamic    |      10000 |              0 |           0 |                  0 |            0 |         0 |           NULL | NULL                | NULL                | NULL                | utf8_general_ci |     NULL |                    |                                         |
| def           | performance_schema | events_statements_summary_by_host_by_event_name      | BASE TABLE  | PERFORMANCE_SCHEMA |      10 | Dynamic    |      24576 |              0 |           0 |                  0 |            0 |         0 |           NULL | NULL                | NULL                | NULL                | utf8_general_ci |     NULL |                    |                                         |
| def           | performance_schema | events_statements_summary_by_program                 | BASE TABLE  | PERFORMANCE_SCHEMA |      10 | Dynamic    |          0 |              0 |           0 |                  0 |            0 |         0 |           NULL | NULL                | NULL                | NULL                | utf8_general_ci |     NULL |                    |                                         |
| def           | performance_schema | events_statements_summary_by_thread_by_event_name    | BASE TABLE  | PERFORMANCE_SCHEMA |      10 | Dynamic    |      49152 |              0 |           0 |                  0 |            0 |         0 |           NULL | NULL                | NULL                | NULL                | utf8_general_ci |     NULL |                    |                                         |
| def           | performance_schema | events_statements_summary_by_user_by_event_name      | BASE TABLE  | PERFORMANCE_SCHEMA |      10 | Dynamic    |      24576 |              0 |           0 |                  0 |            0 |         0 |           NULL | NULL                | NULL                | NULL                | utf8_general_ci |     NULL |                    |                                         |
| def           | performance_schema | events_statements_summary_global_by_event_name       | BASE TABLE  | PERFORMANCE_SCHEMA |      10 | Dynamic    |        192 |              0 |           0 |                  0 |            0 |         0 |           NULL | NULL                | NULL                | NULL                | utf8_general_ci |     NULL |                    |                                         |
| def           | performance_schema | events_transactions_current                          | BASE TABLE  | PERFORMANCE_SCHEMA |      10 | Dynamic    |        256 |              0 |           0 |                  0 |            0 |         0 |           NULL | NULL                | NULL                | NULL                | utf8_general_ci |     NULL |                    |                                         |
| def           | performance_schema | events_transactions_history                          | BASE TABLE  | PERFORMANCE_SCHEMA |      10 | Dynamic    |       2560 |              0 |           0 |                  0 |            0 |         0 |           NULL | NULL                | NULL                | NULL                | utf8_general_ci |     NULL |                    |                                         |
| def           | performance_schema | events_transactions_history_long                     | BASE TABLE  | PERFORMANCE_SCHEMA |      10 | Dynamic    |      10000 |              0 |           0 |                  0 |            0 |         0 |           NULL | NULL                | NULL                | NULL                | utf8_general_ci |     NULL |                    |                                         |
| def           | performance_schema | events_transactions_summary_by_account_by_event_name | BASE TABLE  | PERFORMANCE_SCHEMA |      10 | Dynamic    |        128 |              0 |           0 |                  0 |            0 |         0 |           NULL | NULL                | NULL                | NULL                | utf8_general_ci |     NULL |                    |                                         |
| def           | performance_schema | events_transactions_summary_by_host_by_event_name    | BASE TABLE  | PERFORMANCE_SCHEMA |      10 | Dynamic    |        128 |              0 |           0 |                  0 |            0 |         0 |           NULL | NULL                | NULL                | NULL                | utf8_general_ci |     NULL |                    |                                         |
| def           | performance_schema | events_transactions_summary_by_thread_by_event_name  | BASE TABLE  | PERFORMANCE_SCHEMA |      10 | Dynamic    |        256 |              0 |           0 |                  0 |            0 |         0 |           NULL | NULL                | NULL                | NULL                | utf8_general_ci |     NULL |                    |                                         |
| def           | performance_schema | events_transactions_summary_by_user_by_event_name    | BASE TABLE  | PERFORMANCE_SCHEMA |      10 | Dynamic    |        128 |              0 |           0 |                  0 |            0 |         0 |           NULL | NULL                | NULL                | NULL                | utf8_general_ci |     NULL |                    |                                         |
| def           | performance_schema | events_transactions_summary_global_by_event_name     | BASE TABLE  | PERFORMANCE_SCHEMA |      10 | Dynamic    |          1 |              0 |           0 |                  0 |            0 |         0 |           NULL | NULL                | NULL                | NULL                | utf8_general_ci |     NULL |                    |                                         |
| def           | performance_schema | events_waits_current                                 | BASE TABLE  | PERFORMANCE_SCHEMA |      10 | Dynamic    |       1536 |              0 |           0 |                  0 |            0 |         0 |           NULL | NULL                | NULL                | NULL                | utf8_general_ci |     NULL |                    |                                         |
| def           | performance_schema | events_waits_history                                 | BASE TABLE  | PERFORMANCE_SCHEMA |      10 | Dynamic    |       2560 |              0 |           0 |                  0 |            0 |         0 |           NULL | NULL                | NULL                | NULL                | utf8_general_ci |     NULL |                    |                                         |
| def           | performance_schema | events_waits_history_long                            | BASE TABLE  | PERFORMANCE_SCHEMA |      10 | Dynamic    |      10000 |              0 |           0 |                  0 |            0 |         0 |           NULL | NULL                | NULL                | NULL                | utf8_general_ci |     NULL |                    |                                         |
| def           | performance_schema | events_waits_summary_by_account_by_event_name        | BASE TABLE  | PERFORMANCE_SCHEMA |      10 | Dynamic    |      52992 |              0 |           0 |                  0 |            0 |         0 |           NULL | NULL                | NULL                | NULL                | utf8_general_ci |     NULL |                    |                                         |
| def           | performance_schema | events_waits_summary_by_host_by_event_name           | BASE TABLE  | PERFORMANCE_SCHEMA |      10 | Dynamic    |      52992 |              0 |           0 |                  0 |            0 |         0 |           NULL | NULL                | NULL                | NULL                | utf8_general_ci |     NULL |                    |                                         |
| def           | performance_schema | events_waits_summary_by_instance                     | BASE TABLE  | PERFORMANCE_SCHEMA |      10 | Dynamic    |       1024 |              0 |           0 |                  0 |            0 |         0 |           NULL | NULL                | NULL                | NULL                | utf8_general_ci |     NULL |                    |                                         |
| def           | performance_schema | events_waits_summary_by_thread_by_event_name         | BASE TABLE  | PERFORMANCE_SCHEMA |      10 | Dynamic    |     105984 |              0 |           0 |                  0 |            0 |         0 |           NULL | NULL                | NULL                | NULL                | utf8_general_ci |     NULL |                    |                                         |
| def           | performance_schema | events_waits_summary_by_user_by_event_name           | BASE TABLE  | PERFORMANCE_SCHEMA |      10 | Dynamic    |      52992 |              0 |           0 |                  0 |            0 |         0 |           NULL | NULL                | NULL                | NULL                | utf8_general_ci |     NULL |                    |                                         |
| def           | performance_schema | events_waits_summary_global_by_event_name            | BASE TABLE  | PERFORMANCE_SCHEMA |      10 | Dynamic    |        414 |              0 |           0 |                  0 |            0 |         0 |           NULL | NULL                | NULL                | NULL                | utf8_general_ci |     NULL |                    |                                         |
| def           | performance_schema | file_instances                                       | BASE TABLE  | PERFORMANCE_SCHEMA |      10 | Dynamic    |       1024 |              0 |           0 |                  0 |            0 |         0 |           NULL | NULL                | NULL                | NULL                | utf8_general_ci |     NULL |                    |                                         |
| def           | performance_schema | file_summary_by_event_name                           | BASE TABLE  | PERFORMANCE_SCHEMA |      10 | Dynamic    |         80 |              0 |           0 |                  0 |            0 |         0 |           NULL | NULL                | NULL                | NULL                | utf8_general_ci |     NULL |                    |                                         |
| def           | performance_schema | file_summary_by_instance                             | BASE TABLE  | PERFORMANCE_SCHEMA |      10 | Dynamic    |       1024 |              0 |           0 |                  0 |            0 |         0 |           NULL | NULL                | NULL                | NULL                | utf8_general_ci |     NULL |                    |                                         |
| def           | performance_schema | global_status                                        | BASE TABLE  | PERFORMANCE_SCHEMA |      10 | Dynamic    |        167 |              0 |           0 |                  0 |            0 |         0 |           NULL | NULL                | NULL                | NULL                | utf8_general_ci |     NULL |                    |                                         |
| def           | performance_schema | global_variables                                     | BASE TABLE  | PERFORMANCE_SCHEMA |      10 | Dynamic    |        525 |              0 |           0 |                  0 |            0 |         0 |           NULL | NULL                | NULL                | NULL                | utf8_general_ci |     NULL |                    |                                         |
| def           | performance_schema | host_cache                                           | BASE TABLE  | PERFORMANCE_SCHEMA |      10 | Dynamic    |        279 |              0 |           0 |                  0 |            0 |         0 |           NULL | NULL                | NULL                | NULL                | utf8_general_ci |     NULL |                    |                                         |
| def           | performance_schema | hosts                                                | BASE TABLE  | PERFORMANCE_SCHEMA |      10 | Fixed      |        128 |              0 |           0 |                  0 |            0 |         0 |           NULL | NULL                | NULL                | NULL                | utf8_general_ci |     NULL |                    |                                         |
| def           | performance_schema | memory_summary_by_account_by_event_name              | BASE TABLE  | PERFORMANCE_SCHEMA |      10 | Dynamic    |      40960 |              0 |           0 |                  0 |            0 |         0 |           NULL | NULL                | NULL                | NULL                | utf8_general_ci |     NULL |                    |                                         |
| def           | performance_schema | memory_summary_by_host_by_event_name                 | BASE TABLE  | PERFORMANCE_SCHEMA |      10 | Dynamic    |      40960 |              0 |           0 |                  0 |            0 |         0 |           NULL | NULL                | NULL                | NULL                | utf8_general_ci |     NULL |                    |                                         |
| def           | performance_schema | memory_summary_by_thread_by_event_name               | BASE TABLE  | PERFORMANCE_SCHEMA |      10 | Dynamic    |      81920 |              0 |           0 |                  0 |            0 |         0 |           NULL | NULL                | NULL                | NULL                | utf8_general_ci |     NULL |                    |                                         |
| def           | performance_schema | memory_summary_by_user_by_event_name                 | BASE TABLE  | PERFORMANCE_SCHEMA |      10 | Dynamic    |      40960 |              0 |           0 |                  0 |            0 |         0 |           NULL | NULL                | NULL                | NULL                | utf8_general_ci |     NULL |                    |                                         |
| def           | performance_schema | memory_summary_global_by_event_name                  | BASE TABLE  | PERFORMANCE_SCHEMA |      10 | Dynamic    |        320 |              0 |           0 |                  0 |            0 |         0 |           NULL | NULL                | NULL                | NULL                | utf8_general_ci |     NULL |                    |                                         |
| def           | performance_schema | metadata_locks                                       | BASE TABLE  | PERFORMANCE_SCHEMA |      10 | Dynamic    |          0 |              0 |           0 |                  0 |            0 |         0 |           NULL | NULL                | NULL                | NULL                | utf8_general_ci |     NULL |                    |                                         |
| def           | performance_schema | mutex_instances                                      | BASE TABLE  | PERFORMANCE_SCHEMA |      10 | Dynamic    |          0 |              0 |           0 |                  0 |            0 |         0 |           NULL | NULL                | NULL                | NULL                | utf8_general_ci |     NULL |                    |                                         |
| def           | performance_schema | objects_summary_global_by_type                       | BASE TABLE  | PERFORMANCE_SCHEMA |      10 | Dynamic    |       1024 |              0 |           0 |                  0 |            0 |         0 |           NULL | NULL                | NULL                | NULL                | utf8_general_ci |     NULL |                    |                                         |
| def           | performance_schema | performance_timers                                   | BASE TABLE  | PERFORMANCE_SCHEMA |      10 | Fixed      |          5 |              0 |           0 |                  0 |            0 |         0 |           NULL | NULL                | NULL                | NULL                | utf8_general_ci |     NULL |                    |                                         |
| def           | performance_schema | prepared_statements_instances                        | BASE TABLE  | PERFORMANCE_SCHEMA |      10 | Dynamic    |          0 |              0 |           0 |                  0 |            0 |         0 |           NULL | NULL                | NULL                | NULL                | utf8_general_ci |     NULL |                    |                                         |
| def           | performance_schema | replication_applier_configuration                    | BASE TABLE  | PERFORMANCE_SCHEMA |      10 | Fixed      |        256 |              0 |           0 |                  0 |            0 |         0 |           NULL | NULL                | NULL                | NULL                | utf8_general_ci |     NULL |                    |                                         |
| def           | performance_schema | replication_applier_status                           | BASE TABLE  | PERFORMANCE_SCHEMA |      10 | Fixed      |        256 |              0 |           0 |                  0 |            0 |         0 |           NULL | NULL                | NULL                | NULL                | utf8_general_ci |     NULL |                    |                                         |
| def           | performance_schema | replication_applier_status_by_coordinator            | BASE TABLE  | PERFORMANCE_SCHEMA |      10 | Dynamic    |        256 |              0 |           0 |                  0 |            0 |         0 |           NULL | NULL                | NULL                | NULL                | utf8_general_ci |     NULL |                    |                                         |
| def           | performance_schema | replication_applier_status_by_worker                 | BASE TABLE  | PERFORMANCE_SCHEMA |      10 | Dynamic    |       8192 |              0 |           0 |                  0 |            0 |         0 |           NULL | NULL                | NULL                | NULL                | utf8_general_ci |     NULL |                    |                                         |
| def           | performance_schema | replication_connection_configuration                 | BASE TABLE  | PERFORMANCE_SCHEMA |      10 | Dynamic    |        256 |              0 |           0 |                  0 |            0 |         0 |           NULL | NULL                | NULL                | NULL                | utf8_general_ci |     NULL |                    |                                         |
| def           | performance_schema | replication_connection_status                        | BASE TABLE  | PERFORMANCE_SCHEMA |      10 | Dynamic    |        256 |              0 |           0 |                  0 |            0 |         0 |           NULL | NULL                | NULL                | NULL                | utf8_general_ci |     NULL |                    |                                         |
| def           | performance_schema | replication_group_member_stats                       | BASE TABLE  | PERFORMANCE_SCHEMA |      10 | Dynamic    |          0 |              0 |           0 |                  0 |            0 |         0 |           NULL | NULL                | NULL                | NULL                | utf8_general_ci |     NULL |                    |                                         |
| def           | performance_schema | replication_group_members                            | BASE TABLE  | PERFORMANCE_SCHEMA |      10 | Fixed      |          0 |              0 |           0 |                  0 |            0 |         0 |           NULL | NULL                | NULL                | NULL                | utf8_general_ci |     NULL |                    |                                         |
| def           | performance_schema | rwlock_instances                                     | BASE TABLE  | PERFORMANCE_SCHEMA |      10 | Dynamic    |          0 |              0 |           0 |                  0 |            0 |         0 |           NULL | NULL                | NULL                | NULL                | utf8_general_ci |     NULL |                    |                                         |
| def           | performance_schema | session_account_connect_attrs                        | BASE TABLE  | PERFORMANCE_SCHEMA |      10 | Dynamic    |     131072 |              0 |           0 |                  0 |            0 |         0 |           NULL | NULL                | NULL                | NULL                | utf8_bin        |     NULL |                    |                                         |
| def           | performance_schema | session_connect_attrs                                | BASE TABLE  | PERFORMANCE_SCHEMA |      10 | Dynamic    |     131072 |              0 |           0 |                  0 |            0 |         0 |           NULL | NULL                | NULL                | NULL                | utf8_bin        |     NULL |                    |                                         |
| def           | performance_schema | session_status                                       | BASE TABLE  | PERFORMANCE_SCHEMA |      10 | Dynamic    |        167 |              0 |           0 |                  0 |            0 |         0 |           NULL | NULL                | NULL                | NULL                | utf8_general_ci |     NULL |                    |                                         |
| def           | performance_schema | session_variables                                    | BASE TABLE  | PERFORMANCE_SCHEMA |      10 | Dynamic    |        525 |              0 |           0 |                  0 |            0 |         0 |           NULL | NULL                | NULL                | NULL                | utf8_general_ci |     NULL |                    |                                         |
| def           | performance_schema | setup_actors                                         | BASE TABLE  | PERFORMANCE_SCHEMA |      10 | Fixed      |        128 |              0 |           0 |                  0 |            0 |         0 |           NULL | NULL                | NULL                | NULL                | utf8_general_ci |     NULL |                    |                                         |
| def           | performance_schema | setup_consumers                                      | BASE TABLE  | PERFORMANCE_SCHEMA |      10 | Dynamic    |         15 |              0 |           0 |                  0 |            0 |         0 |           NULL | NULL                | NULL                | NULL                | utf8_general_ci |     NULL |                    |                                         |
| def           | performance_schema | setup_instruments                                    | BASE TABLE  | PERFORMANCE_SCHEMA |      10 | Dynamic    |       1077 |              0 |           0 |                  0 |            0 |         0 |           NULL | NULL                | NULL                | NULL                | utf8_general_ci |     NULL |                    |                                         |
| def           | performance_schema | setup_objects                                        | BASE TABLE  | PERFORMANCE_SCHEMA |      10 | Dynamic    |        128 |              0 |           0 |                  0 |            0 |         0 |           NULL | NULL                | NULL                | NULL                | utf8_general_ci |     NULL |                    |                                         |
| def           | performance_schema | setup_timers                                         | BASE TABLE  | PERFORMANCE_SCHEMA |      10 | Dynamic    |          5 |              0 |           0 |                  0 |            0 |         0 |           NULL | NULL                | NULL                | NULL                | utf8_general_ci |     NULL |                    |                                         |
| def           | performance_schema | socket_instances                                     | BASE TABLE  | PERFORMANCE_SCHEMA |      10 | Dynamic    |          0 |              0 |           0 |                  0 |            0 |         0 |           NULL | NULL                | NULL                | NULL                | utf8_general_ci |     NULL |                    |                                         |
| def           | performance_schema | socket_summary_by_event_name                         | BASE TABLE  | PERFORMANCE_SCHEMA |      10 | Dynamic    |         10 |              0 |           0 |                  0 |            0 |         0 |           NULL | NULL                | NULL                | NULL                | utf8_general_ci |     NULL |                    |                                         |
| def           | performance_schema | socket_summary_by_instance                           | BASE TABLE  | PERFORMANCE_SCHEMA |      10 | Dynamic    |          0 |              0 |           0 |                  0 |            0 |         0 |           NULL | NULL                | NULL                | NULL                | utf8_general_ci |     NULL |                    |                                         |
| def           | performance_schema | status_by_account                                    | BASE TABLE  | PERFORMANCE_SCHEMA |      10 | Dynamic    |      21376 |              0 |           0 |                  0 |            0 |         0 |           NULL | NULL                | NULL                | NULL                | utf8_general_ci |     NULL |                    |                                         |
| def           | performance_schema | status_by_host                                       | BASE TABLE  | PERFORMANCE_SCHEMA |      10 | Dynamic    |      21376 |              0 |           0 |                  0 |            0 |         0 |           NULL | NULL                | NULL                | NULL                | utf8_general_ci |     NULL |                    |                                         |
| def           | performance_schema | status_by_thread                                     | BASE TABLE  | PERFORMANCE_SCHEMA |      10 | Dynamic    |      42752 |              0 |           0 |                  0 |            0 |         0 |           NULL | NULL                | NULL                | NULL                | utf8_general_ci |     NULL |                    |                                         |
| def           | performance_schema | status_by_user                                       | BASE TABLE  | PERFORMANCE_SCHEMA |      10 | Dynamic    |      21376 |              0 |           0 |                  0 |            0 |         0 |           NULL | NULL                | NULL                | NULL                | utf8_general_ci |     NULL |                    |                                         |
| def           | performance_schema | table_handles                                        | BASE TABLE  | PERFORMANCE_SCHEMA |      10 | Dynamic    |       1024 |              0 |           0 |                  0 |            0 |         0 |           NULL | NULL                | NULL                | NULL                | utf8_general_ci |     NULL |                    |                                         |
| def           | performance_schema | table_io_waits_summary_by_index_usage                | BASE TABLE  | PERFORMANCE_SCHEMA |      10 | Dynamic    |       1024 |              0 |           0 |                  0 |            0 |         0 |           NULL | NULL                | NULL                | NULL                | utf8_general_ci |     NULL |                    |                                         |
| def           | performance_schema | table_io_waits_summary_by_table                      | BASE TABLE  | PERFORMANCE_SCHEMA |      10 | Dynamic    |       1024 |              0 |           0 |                  0 |            0 |         0 |           NULL | NULL                | NULL                | NULL                | utf8_general_ci |     NULL |                    |                                         |
| def           | performance_schema | table_lock_waits_summary_by_table                    | BASE TABLE  | PERFORMANCE_SCHEMA |      10 | Dynamic    |       1024 |              0 |           0 |                  0 |            0 |         0 |           NULL | NULL                | NULL                | NULL                | utf8_general_ci |     NULL |                    |                                         |
| def           | performance_schema | threads                                              | BASE TABLE  | PERFORMANCE_SCHEMA |      10 | Dynamic    |        256 |              0 |           0 |                  0 |            0 |         0 |           NULL | NULL                | NULL                | NULL                | utf8_general_ci |     NULL |                    |                                         |
| def           | performance_schema | user_variables_by_thread                             | BASE TABLE  | PERFORMANCE_SCHEMA |      10 | Dynamic    |       2560 |              0 |           0 |                  0 |            0 |         0 |           NULL | NULL                | NULL                | NULL                | utf8_general_ci |     NULL |                    |                                         |
| def           | performance_schema | users                                                | BASE TABLE  | PERFORMANCE_SCHEMA |      10 | Fixed      |        128 |              0 |           0 |                  0 |            0 |         0 |           NULL | NULL                | NULL                | NULL                | utf8_general_ci |     NULL |                    |                                         |
| def           | performance_schema | variables_by_thread                                  | BASE TABLE  | PERFORMANCE_SCHEMA |      10 | Dynamic    |     134400 |              0 |           0 |                  0 |            0 |         0 |           NULL | NULL                | NULL                | NULL                | utf8_general_ci |     NULL |                    |                                         |
| def           | sys                | host_summary                                         | VIEW        | NULL               |    NULL | NULL       |       NULL |           NULL |        NULL |               NULL |         NULL |      NULL |           NULL | NULL                | NULL                | NULL                | NULL            |     NULL | NULL               | VIEW                                    |
| def           | sys                | host_summary_by_file_io                              | VIEW        | NULL               |    NULL | NULL       |       NULL |           NULL |        NULL |               NULL |         NULL |      NULL |           NULL | NULL                | NULL                | NULL                | NULL            |     NULL | NULL               | VIEW                                    |
| def           | sys                | host_summary_by_file_io_type                         | VIEW        | NULL               |    NULL | NULL       |       NULL |           NULL |        NULL |               NULL |         NULL |      NULL |           NULL | NULL                | NULL                | NULL                | NULL            |     NULL | NULL               | VIEW                                    |
| def           | sys                | host_summary_by_stages                               | VIEW        | NULL               |    NULL | NULL       |       NULL |           NULL |        NULL |               NULL |         NULL |      NULL |           NULL | NULL                | NULL                | NULL                | NULL            |     NULL | NULL               | VIEW                                    |
| def           | sys                | host_summary_by_statement_latency                    | VIEW        | NULL               |    NULL | NULL       |       NULL |           NULL |        NULL |               NULL |         NULL |      NULL |           NULL | NULL                | NULL                | NULL                | NULL            |     NULL | NULL               | VIEW                                    |
| def           | sys                | host_summary_by_statement_type                       | VIEW        | NULL               |    NULL | NULL       |       NULL |           NULL |        NULL |               NULL |         NULL |      NULL |           NULL | NULL                | NULL                | NULL                | NULL            |     NULL | NULL               | VIEW                                    |
| def           | sys                | innodb_buffer_stats_by_schema                        | VIEW        | NULL               |    NULL | NULL       |       NULL |           NULL |        NULL |               NULL |         NULL |      NULL |           NULL | NULL                | NULL                | NULL                | NULL            |     NULL | NULL               | VIEW                                    |
| def           | sys                | innodb_buffer_stats_by_table                         | VIEW        | NULL               |    NULL | NULL       |       NULL |           NULL |        NULL |               NULL |         NULL |      NULL |           NULL | NULL                | NULL                | NULL                | NULL            |     NULL | NULL               | VIEW                                    |
| def           | sys                | innodb_lock_waits                                    | VIEW        | NULL               |    NULL | NULL       |       NULL |           NULL |        NULL |               NULL |         NULL |      NULL |           NULL | NULL                | NULL                | NULL                | NULL            |     NULL | NULL               | VIEW                                    |
| def           | sys                | io_by_thread_by_latency                              | VIEW        | NULL               |    NULL | NULL       |       NULL |           NULL |        NULL |               NULL |         NULL |      NULL |           NULL | NULL                | NULL                | NULL                | NULL            |     NULL | NULL               | VIEW                                    |
| def           | sys                | io_global_by_file_by_bytes                           | VIEW        | NULL               |    NULL | NULL       |       NULL |           NULL |        NULL |               NULL |         NULL |      NULL |           NULL | NULL                | NULL                | NULL                | NULL            |     NULL | NULL               | VIEW                                    |
| def           | sys                | io_global_by_file_by_latency                         | VIEW        | NULL               |    NULL | NULL       |       NULL |           NULL |        NULL |               NULL |         NULL |      NULL |           NULL | NULL                | NULL                | NULL                | NULL            |     NULL | NULL               | VIEW                                    |
| def           | sys                | io_global_by_wait_by_bytes                           | VIEW        | NULL               |    NULL | NULL       |       NULL |           NULL |        NULL |               NULL |         NULL |      NULL |           NULL | NULL                | NULL                | NULL                | NULL            |     NULL | NULL               | VIEW                                    |
| def           | sys                | io_global_by_wait_by_latency                         | VIEW        | NULL               |    NULL | NULL       |       NULL |           NULL |        NULL |               NULL |         NULL |      NULL |           NULL | NULL                | NULL                | NULL                | NULL            |     NULL | NULL               | VIEW                                    |
| def           | sys                | latest_file_io                                       | VIEW        | NULL               |    NULL | NULL       |       NULL |           NULL |        NULL |               NULL |         NULL |      NULL |           NULL | NULL                | NULL                | NULL                | NULL            |     NULL | NULL               | VIEW                                    |
| def           | sys                | memory_by_host_by_current_bytes                      | VIEW        | NULL               |    NULL | NULL       |       NULL |           NULL |        NULL |               NULL |         NULL |      NULL |           NULL | NULL                | NULL                | NULL                | NULL            |     NULL | NULL               | VIEW                                    |
| def           | sys                | memory_by_thread_by_current_bytes                    | VIEW        | NULL               |    NULL | NULL       |       NULL |           NULL |        NULL |               NULL |         NULL |      NULL |           NULL | NULL                | NULL                | NULL                | NULL            |     NULL | NULL               | VIEW                                    |
| def           | sys                | memory_by_user_by_current_bytes                      | VIEW        | NULL               |    NULL | NULL       |       NULL |           NULL |        NULL |               NULL |         NULL |      NULL |           NULL | NULL                | NULL                | NULL                | NULL            |     NULL | NULL               | VIEW                                    |
| def           | sys                | memory_global_by_current_bytes                       | VIEW        | NULL               |    NULL | NULL       |       NULL |           NULL |        NULL |               NULL |         NULL |      NULL |           NULL | NULL                | NULL                | NULL                | NULL            |     NULL | NULL               | VIEW                                    |
| def           | sys                | memory_global_total                                  | VIEW        | NULL               |    NULL | NULL       |       NULL |           NULL |        NULL |               NULL |         NULL |      NULL |           NULL | NULL                | NULL                | NULL                | NULL            |     NULL | NULL               | VIEW                                    |
| def           | sys                | metrics                                              | VIEW        | NULL               |    NULL | NULL       |       NULL |           NULL |        NULL |               NULL |         NULL |      NULL |           NULL | NULL                | NULL                | NULL                | NULL            |     NULL | NULL               | VIEW                                    |
| def           | sys                | processlist                                          | VIEW        | NULL               |    NULL | NULL       |       NULL |           NULL |        NULL |               NULL |         NULL |      NULL |           NULL | NULL                | NULL                | NULL                | NULL            |     NULL | NULL               | VIEW                                    |
| def           | sys                | ps_check_lost_instrumentation                        | VIEW        | NULL               |    NULL | NULL       |       NULL |           NULL |        NULL |               NULL |         NULL |      NULL |           NULL | NULL                | NULL                | NULL                | NULL            |     NULL | NULL               | VIEW                                    |
| def           | sys                | schema_auto_increment_columns                        | VIEW        | NULL               |    NULL | NULL       |       NULL |           NULL |        NULL |               NULL |         NULL |      NULL |           NULL | NULL                | NULL                | NULL                | NULL            |     NULL | NULL               | VIEW                                    |
| def           | sys                | schema_index_statistics                              | VIEW        | NULL               |    NULL | NULL       |       NULL |           NULL |        NULL |               NULL |         NULL |      NULL |           NULL | NULL                | NULL                | NULL                | NULL            |     NULL | NULL               | VIEW                                    |
| def           | sys                | schema_object_overview                               | VIEW        | NULL               |    NULL | NULL       |       NULL |           NULL |        NULL |               NULL |         NULL |      NULL |           NULL | NULL                | NULL                | NULL                | NULL            |     NULL | NULL               | VIEW                                    |
| def           | sys                | schema_redundant_indexes                             | VIEW        | NULL               |    NULL | NULL       |       NULL |           NULL |        NULL |               NULL |         NULL |      NULL |           NULL | NULL                | NULL                | NULL                | NULL            |     NULL | NULL               | VIEW                                    |
| def           | sys                | schema_table_lock_waits                              | VIEW        | NULL               |    NULL | NULL       |       NULL |           NULL |        NULL |               NULL |         NULL |      NULL |           NULL | NULL                | NULL                | NULL                | NULL            |     NULL | NULL               | VIEW                                    |
| def           | sys                | schema_table_statistics                              | VIEW        | NULL               |    NULL | NULL       |       NULL |           NULL |        NULL |               NULL |         NULL |      NULL |           NULL | NULL                | NULL                | NULL                | NULL            |     NULL | NULL               | VIEW                                    |
| def           | sys                | schema_table_statistics_with_buffer                  | VIEW        | NULL               |    NULL | NULL       |       NULL |           NULL |        NULL |               NULL |         NULL |      NULL |           NULL | NULL                | NULL                | NULL                | NULL            |     NULL | NULL               | VIEW                                    |
| def           | sys                | schema_tables_with_full_table_scans                  | VIEW        | NULL               |    NULL | NULL       |       NULL |           NULL |        NULL |               NULL |         NULL |      NULL |           NULL | NULL                | NULL                | NULL                | NULL            |     NULL | NULL               | VIEW                                    |
| def           | sys                | schema_unused_indexes                                | VIEW        | NULL               |    NULL | NULL       |       NULL |           NULL |        NULL |               NULL |         NULL |      NULL |           NULL | NULL                | NULL                | NULL                | NULL            |     NULL | NULL               | VIEW                                    |
| def           | sys                | session                                              | VIEW        | NULL               |    NULL | NULL       |       NULL |           NULL |        NULL |               NULL |         NULL |      NULL |           NULL | NULL                | NULL                | NULL                | NULL            |     NULL | NULL               | VIEW                                    |
| def           | sys                | session_ssl_status                                   | VIEW        | NULL               |    NULL | NULL       |       NULL |           NULL |        NULL |               NULL |         NULL |      NULL |           NULL | NULL                | NULL                | NULL                | NULL            |     NULL | NULL               | VIEW                                    |
| def           | sys                | statement_analysis                                   | VIEW        | NULL               |    NULL | NULL       |       NULL |           NULL |        NULL |               NULL |         NULL |      NULL |           NULL | NULL                | NULL                | NULL                | NULL            |     NULL | NULL               | VIEW                                    |
| def           | sys                | statements_with_errors_or_warnings                   | VIEW        | NULL               |    NULL | NULL       |       NULL |           NULL |        NULL |               NULL |         NULL |      NULL |           NULL | NULL                | NULL                | NULL                | NULL            |     NULL | NULL               | VIEW                                    |
| def           | sys                | statements_with_full_table_scans                     | VIEW        | NULL               |    NULL | NULL       |       NULL |           NULL |        NULL |               NULL |         NULL |      NULL |           NULL | NULL                | NULL                | NULL                | NULL            |     NULL | NULL               | VIEW                                    |
| def           | sys                | statements_with_runtimes_in_95th_percentile          | VIEW        | NULL               |    NULL | NULL       |       NULL |           NULL |        NULL |               NULL |         NULL |      NULL |           NULL | NULL                | NULL                | NULL                | NULL            |     NULL | NULL               | VIEW                                    |
| def           | sys                | statements_with_sorting                              | VIEW        | NULL               |    NULL | NULL       |       NULL |           NULL |        NULL |               NULL |         NULL |      NULL |           NULL | NULL                | NULL                | NULL                | NULL            |     NULL | NULL               | VIEW                                    |
| def           | sys                | statements_with_temp_tables                          | VIEW        | NULL               |    NULL | NULL       |       NULL |           NULL |        NULL |               NULL |         NULL |      NULL |           NULL | NULL                | NULL                | NULL                | NULL            |     NULL | NULL               | VIEW                                    |
| def           | sys                | sys_config                                           | BASE TABLE  | InnoDB             |      10 | Dynamic    |          6 |           2730 |       16384 |                  0 |            0 |         0 |           NULL | 2016-01-30 12:33:03 | NULL                | NULL                | utf8_general_ci |     NULL |                    |                                         |
| def           | sys                | user_summary                                         | VIEW        | NULL               |    NULL | NULL       |       NULL |           NULL |        NULL |               NULL |         NULL |      NULL |           NULL | NULL                | NULL                | NULL                | NULL            |     NULL | NULL               | VIEW                                    |
| def           | sys                | user_summary_by_file_io                              | VIEW        | NULL               |    NULL | NULL       |       NULL |           NULL |        NULL |               NULL |         NULL |      NULL |           NULL | NULL                | NULL                | NULL                | NULL            |     NULL | NULL               | VIEW                                    |
| def           | sys                | user_summary_by_file_io_type                         | VIEW        | NULL               |    NULL | NULL       |       NULL |           NULL |        NULL |               NULL |         NULL |      NULL |           NULL | NULL                | NULL                | NULL                | NULL            |     NULL | NULL               | VIEW                                    |
| def           | sys                | user_summary_by_stages                               | VIEW        | NULL               |    NULL | NULL       |       NULL |           NULL |        NULL |               NULL |         NULL |      NULL |           NULL | NULL                | NULL                | NULL                | NULL            |     NULL | NULL               | VIEW                                    |
| def           | sys                | user_summary_by_statement_latency                    | VIEW        | NULL               |    NULL | NULL       |       NULL |           NULL |        NULL |               NULL |         NULL |      NULL |           NULL | NULL                | NULL                | NULL                | NULL            |     NULL | NULL               | VIEW                                    |
| def           | sys                | user_summary_by_statement_type                       | VIEW        | NULL               |    NULL | NULL       |       NULL |           NULL |        NULL |               NULL |         NULL |      NULL |           NULL | NULL                | NULL                | NULL                | NULL            |     NULL | NULL               | VIEW                                    |
| def           | sys                | version                                              | VIEW        | NULL               |    NULL | NULL       |       NULL |           NULL |        NULL |               NULL |         NULL |      NULL |           NULL | NULL                | NULL                | NULL                | NULL            |     NULL | NULL               | VIEW                                    |
| def           | sys                | wait_classes_global_by_avg_latency                   | VIEW        | NULL               |    NULL | NULL       |       NULL |           NULL |        NULL |               NULL |         NULL |      NULL |           NULL | NULL                | NULL                | NULL                | NULL            |     NULL | NULL               | VIEW                                    |
| def           | sys                | wait_classes_global_by_latency                       | VIEW        | NULL               |    NULL | NULL       |       NULL |           NULL |        NULL |               NULL |         NULL |      NULL |           NULL | NULL                | NULL                | NULL                | NULL            |     NULL | NULL               | VIEW                                    |
| def           | sys                | waits_by_host_by_latency                             | VIEW        | NULL               |    NULL | NULL       |       NULL |           NULL |        NULL |               NULL |         NULL |      NULL |           NULL | NULL                | NULL                | NULL                | NULL            |     NULL | NULL               | VIEW                                    |
| def           | sys                | waits_by_user_by_latency                             | VIEW        | NULL               |    NULL | NULL       |       NULL |           NULL |        NULL |               NULL |         NULL |      NULL |           NULL | NULL                | NULL                | NULL                | NULL            |     NULL | NULL               | VIEW                                    |
| def           | sys                | waits_global_by_latency                              | VIEW        | NULL               |    NULL | NULL       |       NULL |           NULL |        NULL |               NULL |         NULL |      NULL |           NULL | NULL                | NULL                | NULL                | NULL            |     NULL | NULL               | VIEW                                    |
| def           | sys                | x$host_summary                                       | VIEW        | NULL               |    NULL | NULL       |       NULL |           NULL |        NULL |               NULL |         NULL |      NULL |           NULL | NULL                | NULL                | NULL                | NULL            |     NULL | NULL               | VIEW                                    |
| def           | sys                | x$host_summary_by_file_io                            | VIEW        | NULL               |    NULL | NULL       |       NULL |           NULL |        NULL |               NULL |         NULL |      NULL |           NULL | NULL                | NULL                | NULL                | NULL            |     NULL | NULL               | VIEW                                    |
| def           | sys                | x$host_summary_by_file_io_type                       | VIEW        | NULL               |    NULL | NULL       |       NULL |           NULL |        NULL |               NULL |         NULL |      NULL |           NULL | NULL                | NULL                | NULL                | NULL            |     NULL | NULL               | VIEW                                    |
| def           | sys                | x$host_summary_by_stages                             | VIEW        | NULL               |    NULL | NULL       |       NULL |           NULL |        NULL |               NULL |         NULL |      NULL |           NULL | NULL                | NULL                | NULL                | NULL            |     NULL | NULL               | VIEW                                    |
| def           | sys                | x$host_summary_by_statement_latency                  | VIEW        | NULL               |    NULL | NULL       |       NULL |           NULL |        NULL |               NULL |         NULL |      NULL |           NULL | NULL                | NULL                | NULL                | NULL            |     NULL | NULL               | VIEW                                    |
| def           | sys                | x$host_summary_by_statement_type                     | VIEW        | NULL               |    NULL | NULL       |       NULL |           NULL |        NULL |               NULL |         NULL |      NULL |           NULL | NULL                | NULL                | NULL                | NULL            |     NULL | NULL               | VIEW                                    |
| def           | sys                | x$innodb_buffer_stats_by_schema                      | VIEW        | NULL               |    NULL | NULL       |       NULL |           NULL |        NULL |               NULL |         NULL |      NULL |           NULL | NULL                | NULL                | NULL                | NULL            |     NULL | NULL               | VIEW                                    |
| def           | sys                | x$innodb_buffer_stats_by_table                       | VIEW        | NULL               |    NULL | NULL       |       NULL |           NULL |        NULL |               NULL |         NULL |      NULL |           NULL | NULL                | NULL                | NULL                | NULL            |     NULL | NULL               | VIEW                                    |
| def           | sys                | x$innodb_lock_waits                                  | VIEW        | NULL               |    NULL | NULL       |       NULL |           NULL |        NULL |               NULL |         NULL |      NULL |           NULL | NULL                | NULL                | NULL                | NULL            |     NULL | NULL               | VIEW                                    |
| def           | sys                | x$io_by_thread_by_latency                            | VIEW        | NULL               |    NULL | NULL       |       NULL |           NULL |        NULL |               NULL |         NULL |      NULL |           NULL | NULL                | NULL                | NULL                | NULL            |     NULL | NULL               | VIEW                                    |
| def           | sys                | x$io_global_by_file_by_bytes                         | VIEW        | NULL               |    NULL | NULL       |       NULL |           NULL |        NULL |               NULL |         NULL |      NULL |           NULL | NULL                | NULL                | NULL                | NULL            |     NULL | NULL               | VIEW                                    |
| def           | sys                | x$io_global_by_file_by_latency                       | VIEW        | NULL               |    NULL | NULL       |       NULL |           NULL |        NULL |               NULL |         NULL |      NULL |           NULL | NULL                | NULL                | NULL                | NULL            |     NULL | NULL               | VIEW                                    |
| def           | sys                | x$io_global_by_wait_by_bytes                         | VIEW        | NULL               |    NULL | NULL       |       NULL |           NULL |        NULL |               NULL |         NULL |      NULL |           NULL | NULL                | NULL                | NULL                | NULL            |     NULL | NULL               | VIEW                                    |
| def           | sys                | x$io_global_by_wait_by_latency                       | VIEW        | NULL               |    NULL | NULL       |       NULL |           NULL |        NULL |               NULL |         NULL |      NULL |           NULL | NULL                | NULL                | NULL                | NULL            |     NULL | NULL               | VIEW                                    |
| def           | sys                | x$latest_file_io                                     | VIEW        | NULL               |    NULL | NULL       |       NULL |           NULL |        NULL |               NULL |         NULL |      NULL |           NULL | NULL                | NULL                | NULL                | NULL            |     NULL | NULL               | VIEW                                    |
| def           | sys                | x$memory_by_host_by_current_bytes                    | VIEW        | NULL               |    NULL | NULL       |       NULL |           NULL |        NULL |               NULL |         NULL |      NULL |           NULL | NULL                | NULL                | NULL                | NULL            |     NULL | NULL               | VIEW                                    |
| def           | sys                | x$memory_by_thread_by_current_bytes                  | VIEW        | NULL               |    NULL | NULL       |       NULL |           NULL |        NULL |               NULL |         NULL |      NULL |           NULL | NULL                | NULL                | NULL                | NULL            |     NULL | NULL               | VIEW                                    |
| def           | sys                | x$memory_by_user_by_current_bytes                    | VIEW        | NULL               |    NULL | NULL       |       NULL |           NULL |        NULL |               NULL |         NULL |      NULL |           NULL | NULL                | NULL                | NULL                | NULL            |     NULL | NULL               | VIEW                                    |
| def           | sys                | x$memory_global_by_current_bytes                     | VIEW        | NULL               |    NULL | NULL       |       NULL |           NULL |        NULL |               NULL |         NULL |      NULL |           NULL | NULL                | NULL                | NULL                | NULL            |     NULL | NULL               | VIEW                                    |
| def           | sys                | x$memory_global_total                                | VIEW        | NULL               |    NULL | NULL       |       NULL |           NULL |        NULL |               NULL |         NULL |      NULL |           NULL | NULL                | NULL                | NULL                | NULL            |     NULL | NULL               | VIEW                                    |
| def           | sys                | x$processlist                                        | VIEW        | NULL               |    NULL | NULL       |       NULL |           NULL |        NULL |               NULL |         NULL |      NULL |           NULL | NULL                | NULL                | NULL                | NULL            |     NULL | NULL               | VIEW                                    |
| def           | sys                | x$ps_digest_95th_percentile_by_avg_us                | VIEW        | NULL               |    NULL | NULL       |       NULL |           NULL |        NULL |               NULL |         NULL |      NULL |           NULL | NULL                | NULL                | NULL                | NULL            |     NULL | NULL               | VIEW                                    |
| def           | sys                | x$ps_digest_avg_latency_distribution                 | VIEW        | NULL               |    NULL | NULL       |       NULL |           NULL |        NULL |               NULL |         NULL |      NULL |           NULL | NULL                | NULL                | NULL                | NULL            |     NULL | NULL               | VIEW                                    |
| def           | sys                | x$ps_schema_table_statistics_io                      | VIEW        | NULL               |    NULL | NULL       |       NULL |           NULL |        NULL |               NULL |         NULL |      NULL |           NULL | NULL                | NULL                | NULL                | NULL            |     NULL | NULL               | VIEW                                    |
| def           | sys                | x$schema_flattened_keys                              | VIEW        | NULL               |    NULL | NULL       |       NULL |           NULL |        NULL |               NULL |         NULL |      NULL |           NULL | NULL                | NULL                | NULL                | NULL            |     NULL | NULL               | VIEW                                    |
| def           | sys                | x$schema_index_statistics                            | VIEW        | NULL               |    NULL | NULL       |       NULL |           NULL |        NULL |               NULL |         NULL |      NULL |           NULL | NULL                | NULL                | NULL                | NULL            |     NULL | NULL               | VIEW                                    |
| def           | sys                | x$schema_table_lock_waits                            | VIEW        | NULL               |    NULL | NULL       |       NULL |           NULL |        NULL |               NULL |         NULL |      NULL |           NULL | NULL                | NULL                | NULL                | NULL            |     NULL | NULL               | VIEW                                    |
| def           | sys                | x$schema_table_statistics                            | VIEW        | NULL               |    NULL | NULL       |       NULL |           NULL |        NULL |               NULL |         NULL |      NULL |           NULL | NULL                | NULL                | NULL                | NULL            |     NULL | NULL               | VIEW                                    |
| def           | sys                | x$schema_table_statistics_with_buffer                | VIEW        | NULL               |    NULL | NULL       |       NULL |           NULL |        NULL |               NULL |         NULL |      NULL |           NULL | NULL                | NULL                | NULL                | NULL            |     NULL | NULL               | VIEW                                    |
| def           | sys                | x$schema_tables_with_full_table_scans                | VIEW        | NULL               |    NULL | NULL       |       NULL |           NULL |        NULL |               NULL |         NULL |      NULL |           NULL | NULL                | NULL                | NULL                | NULL            |     NULL | NULL               | VIEW                                    |
| def           | sys                | x$session                                            | VIEW        | NULL               |    NULL | NULL       |       NULL |           NULL |        NULL |               NULL |         NULL |      NULL |           NULL | NULL                | NULL                | NULL                | NULL            |     NULL | NULL               | VIEW                                    |
| def           | sys                | x$statement_analysis                                 | VIEW        | NULL               |    NULL | NULL       |       NULL |           NULL |        NULL |               NULL |         NULL |      NULL |           NULL | NULL                | NULL                | NULL                | NULL            |     NULL | NULL               | VIEW                                    |
| def           | sys                | x$statements_with_errors_or_warnings                 | VIEW        | NULL               |    NULL | NULL       |       NULL |           NULL |        NULL |               NULL |         NULL |      NULL |           NULL | NULL                | NULL                | NULL                | NULL            |     NULL | NULL               | VIEW                                    |
| def           | sys                | x$statements_with_full_table_scans                   | VIEW        | NULL               |    NULL | NULL       |       NULL |           NULL |        NULL |               NULL |         NULL |      NULL |           NULL | NULL                | NULL                | NULL                | NULL            |     NULL | NULL               | VIEW                                    |
| def           | sys                | x$statements_with_runtimes_in_95th_percentile        | VIEW        | NULL               |    NULL | NULL       |       NULL |           NULL |        NULL |               NULL |         NULL |      NULL |           NULL | NULL                | NULL                | NULL                | NULL            |     NULL | NULL               | VIEW                                    |
| def           | sys                | x$statements_with_sorting                            | VIEW        | NULL               |    NULL | NULL       |       NULL |           NULL |        NULL |               NULL |         NULL |      NULL |           NULL | NULL                | NULL                | NULL                | NULL            |     NULL | NULL               | VIEW                                    |
| def           | sys                | x$statements_with_temp_tables                        | VIEW        | NULL               |    NULL | NULL       |       NULL |           NULL |        NULL |               NULL |         NULL |      NULL |           NULL | NULL                | NULL                | NULL                | NULL            |     NULL | NULL               | VIEW                                    |
| def           | sys                | x$user_summary                                       | VIEW        | NULL               |    NULL | NULL       |       NULL |           NULL |        NULL |               NULL |         NULL |      NULL |           NULL | NULL                | NULL                | NULL                | NULL            |     NULL | NULL               | VIEW                                    |
| def           | sys                | x$user_summary_by_file_io                            | VIEW        | NULL               |    NULL | NULL       |       NULL |           NULL |        NULL |               NULL |         NULL |      NULL |           NULL | NULL                | NULL                | NULL                | NULL            |     NULL | NULL               | VIEW                                    |
| def           | sys                | x$user_summary_by_file_io_type                       | VIEW        | NULL               |    NULL | NULL       |       NULL |           NULL |        NULL |               NULL |         NULL |      NULL |           NULL | NULL                | NULL                | NULL                | NULL            |     NULL | NULL               | VIEW                                    |
| def           | sys                | x$user_summary_by_stages                             | VIEW        | NULL               |    NULL | NULL       |       NULL |           NULL |        NULL |               NULL |         NULL |      NULL |           NULL | NULL                | NULL                | NULL                | NULL            |     NULL | NULL               | VIEW                                    |
| def           | sys                | x$user_summary_by_statement_latency                  | VIEW        | NULL               |    NULL | NULL       |       NULL |           NULL |        NULL |               NULL |         NULL |      NULL |           NULL | NULL                | NULL                | NULL                | NULL            |     NULL | NULL               | VIEW                                    |
| def           | sys                | x$user_summary_by_statement_type                     | VIEW        | NULL               |    NULL | NULL       |       NULL |           NULL |        NULL |               NULL |         NULL |      NULL |           NULL | NULL                | NULL                | NULL                | NULL            |     NULL | NULL               | VIEW                                    |
| def           | sys                | x$wait_classes_global_by_avg_latency                 | VIEW        | NULL               |    NULL | NULL       |       NULL |           NULL |        NULL |               NULL |         NULL |      NULL |           NULL | NULL                | NULL                | NULL                | NULL            |     NULL | NULL               | VIEW                                    |
| def           | sys                | x$wait_classes_global_by_latency                     | VIEW        | NULL               |    NULL | NULL       |       NULL |           NULL |        NULL |               NULL |         NULL |      NULL |           NULL | NULL                | NULL                | NULL                | NULL            |     NULL | NULL               | VIEW                                    |
| def           | sys                | x$waits_by_host_by_latency                           | VIEW        | NULL               |    NULL | NULL       |       NULL |           NULL |        NULL |               NULL |         NULL |      NULL |           NULL | NULL                | NULL                | NULL                | NULL            |     NULL | NULL               | VIEW                                    |
| def           | sys                | x$waits_by_user_by_latency                           | VIEW        | NULL               |    NULL | NULL       |       NULL |           NULL |        NULL |               NULL |         NULL |      NULL |           NULL | NULL                | NULL                | NULL                | NULL            |     NULL | NULL               | VIEW                                    |
| def           | sys                | x$waits_global_by_latency                            | VIEW        | NULL               |    NULL | NULL       |       NULL |           NULL |        NULL |               NULL |         NULL |      NULL |           NULL | NULL                | NULL                | NULL                | NULL            |     NULL | NULL               | VIEW                                    |
+---------------+--------------------+------------------------------------------------------+-------------+--------------------+---------+------------+------------+----------------+-------------+--------------------+--------------+-----------+----------------+---------------------+---------------------+---------------------+-----------------+----------+--------------------+-----------------------------------------+
313 rows in set (1.58 sec)

mysql> select * from information_schema.s_emp;
ERROR 1109 (42S02): Unknown table 's_emp' in information_schema
mysql> show table status;
+--------+--------+---------+------------+------+----------------+-------------+-----------------+--------------+-----------+----------------+---------------------+---------------------+---------------------+-----------------+----------+----------------+---------+
| Name   | Engine | Version | Row_format | Rows | Avg_row_length | Data_length | Max_data_length | Index_length | Data_free | Auto_increment | Create_time         | Update_time         | Check_time          | Collation       | Checksum | Create_options | Comment |
+--------+--------+---------+------------+------+----------------+-------------+-----------------+--------------+-----------+----------------+---------------------+---------------------+---------------------+-----------------+----------+----------------+---------+
| s_dept | MyISAM |      10 | Dynamic    |    0 |              0 |           0 | 281474976710655 |         1024 |         0 |           NULL | 2016-09-25 15:26:22 | 2016-09-25 15:26:22 | NULL                | utf8_general_ci |     NULL |                |         |
| s_emp  | MyISAM |      10 | Dynamic    |    0 |              0 |           0 | 281474976710655 |         1024 |         0 |           NULL | 2016-09-25 17:38:14 | 2016-09-25 17:38:14 | 2016-09-25 17:38:14 | utf8_general_ci |     NULL |                |         |
+--------+--------+---------+------------+------+----------------+-------------+-----------------+--------------+-----------+----------------+---------------------+---------------------+---------------------+-----------------+----------+----------------+---------+
2 rows in set (0.00 sec)

mysql> select * from information_schema.tables where table_name = s_emp;
ERROR 1054 (42S22): Unknown column 's_emp' in 'where clause'
mysql> select * from information_schema.tables where table_name = 's_emp';
+---------------+--------------+------------+------------+--------+---------+------------+------------+----------------+-------------+-----------------+--------------+-----------+----------------+---------------------+---------------------+---------------------+-----------------+----------+----------------+---------------+
| TABLE_CATALOG | TABLE_SCHEMA | TABLE_NAME | TABLE_TYPE | ENGINE | VERSION | ROW_FORMAT | TABLE_ROWS | AVG_ROW_LENGTH | DATA_LENGTH | MAX_DATA_LENGTH | INDEX_LENGTH | DATA_FREE | AUTO_INCREMENT | CREATE_TIME         | UPDATE_TIME         | CHECK_TIME          | TABLE_COLLATION | CHECKSUM | CREATE_OPTIONS | TABLE_COMMENT |
+---------------+--------------+------------+------------+--------+---------+------------+------------+----------------+-------------+-----------------+--------------+-----------+----------------+---------------------+---------------------+---------------------+-----------------+----------+----------------+---------------+
| def           | devrydbm438  | s_emp      | BASE TABLE | MyISAM |      10 | Dynamic    |          0 |              0 |           0 | 281474976710655 |         1024 |         0 |           NULL | 2016-09-25 17:38:14 | 2016-09-25 17:38:14 | 2016-09-25 17:38:14 | utf8_general_ci |     NULL |                |               |
+---------------+--------------+------------+------------+--------+---------+------------+------------+----------------+-------------+-----------------+--------------+-----------+----------------+---------------------+---------------------+---------------------+-----------------+----------+----------------+---------------+
1 row in set (0.00 sec)

mysql> select * from information_schema.tables where table_name ='s_dept';
+---------------+--------------+------------+------------+--------+---------+------------+------------+----------------+-------------+-----------------+--------------+-----------+----------------+---------------------+---------------------+------------+-----------------+----------+----------------+---------------+
| TABLE_CATALOG | TABLE_SCHEMA | TABLE_NAME | TABLE_TYPE | ENGINE | VERSION | ROW_FORMAT | TABLE_ROWS | AVG_ROW_LENGTH | DATA_LENGTH | MAX_DATA_LENGTH | INDEX_LENGTH | DATA_FREE | AUTO_INCREMENT | CREATE_TIME         | UPDATE_TIME         | CHECK_TIME | TABLE_COLLATION | CHECKSUM | CREATE_OPTIONS | TABLE_COMMENT |
+---------------+--------------+------------+------------+--------+---------+------------+------------+----------------+-------------+-----------------+--------------+-----------+----------------+---------------------+---------------------+------------+-----------------+----------+----------------+---------------+
| def           | devrydbm438  | s_dept     | BASE TABLE | MyISAM |      10 | Dynamic    |          0 |              0 |           0 | 281474976710655 |         1024 |         0 |           NULL | 2016-09-25 15:26:22 | 2016-09-25 15:26:22 | NULL       | utf8_general_ci |     NULL |                |               |
+---------------+--------------+------------+------------+--------+---------+------------+------------+----------------+-------------+-----------------+--------------+-----------+----------------+---------------------+---------------------+------------+-----------------+----------+----------------+---------------+
1 row in set (0.00 sec)

mysql> source DBM438_load_dept.sql
ERROR: 
Failed to open file 'DBM438_load_dept.sql', error: 2
mysql> source C:\Users\James Flond\Documents\Devry Classes\DBM 438\Week4
ERROR: 
Failed to open file 'C:\Users\James Flond\Documents\Devry Classes\DBM 438\Week4', error: 13
mysql> source C:\Users\James Flond\Documents\Devry Classes\DBM 438\Week4\Dbm438_load_dept.sql
Query OK, 1 row affected (0.01 sec)

Query OK, 1 row affected (0.00 sec)

Query OK, 1 row affected (0.00 sec)

Query OK, 1 row affected (0.00 sec)

mysql> create table g_dept as (select * from s_dept);
Query OK, 4 rows affected (0.38 sec)
Records: 4  Duplicates: 0  Warnings: 0

mysql> select * from g_dept;
+--------+------------+----------+
| deptno | dname      | loc      |
+--------+------------+----------+
|     10 | ACCOUNTING | NEW YORK |
|     20 | RESEARCH   | DALLAS   |
|     30 | SALES      | CHICAGO  |
|     40 | OPERATIONS | BOSTON   |
+--------+------------+----------+
4 rows in set (0.00 sec)

mysql> select * from information_schema,columns where table_name = 'g_dept';
ERROR 1146 (42S02): Table 'devrydbm438.information_schema' doesn't exist
mysql> select * from information_schema.columns where table_name ='g_dept';
+---------------+--------------+------------+-------------+------------------+----------------+-------------+-----------+--------------------------+------------------------+-------------------+---------------+--------------------+--------------------+-----------------+-------------+------------+-------+---------------------------------+----------------+-----------------------+
| TABLE_CATALOG | TABLE_SCHEMA | TABLE_NAME | COLUMN_NAME | ORDINAL_POSITION | COLUMN_DEFAULT | IS_NULLABLE | DATA_TYPE | CHARACTER_MAXIMUM_LENGTH | CHARACTER_OCTET_LENGTH | NUMERIC_PRECISION | NUMERIC_SCALE | DATETIME_PRECISION | CHARACTER_SET_NAME | COLLATION_NAME  | COLUMN_TYPE | COLUMN_KEY | EXTRA | PRIVILEGES                      | COLUMN_COMMENT | GENERATION_EXPRESSION |
+---------------+--------------+------------+-------------+------------------+----------------+-------------+-----------+--------------------------+------------------------+-------------------+---------------+--------------------+--------------------+-----------------+-------------+------------+-------+---------------------------------+----------------+-----------------------+
| def           | devrydbm438  | g_dept     | deptno      |                1 | NULL           | NO          | int       |                     NULL |                   NULL |                10 |             0 |               NULL | NULL               | NULL            | int(2)      |            |       | select,insert,update,references |                |                       |
| def           | devrydbm438  | g_dept     | dname       |                2 | NULL           | YES         | varchar   |                       14 |                     42 |              NULL |          NULL |               NULL | utf8               | utf8_general_ci | varchar(14) |            |       | select,insert,update,references |                |                       |
| def           | devrydbm438  | g_dept     | loc         |                3 | NULL           | YES         | char      |                       13 |                     39 |              NULL |          NULL |               NULL | utf8               | utf8_general_ci | char(13)    |            |       | select,insert,update,references |                |                       |
+---------------+--------------+------------+-------------+------------------+----------------+-------------+-----------+--------------------------+------------------------+-------------------+---------------+--------------------+--------------------+-----------------+-------------+------------+-------+---------------------------------+----------------+-----------------------+
3 rows in set (0.00 sec)

mysql> alter table s_dept add column location_pic(gif);
ERROR 1064 (42000): You have an error in your SQL syntax; check the manual that corresponds to your MySQL server version for the right syntax to use near '(gif)' at line 1
mysql> alter table s_dept add column location_pic(binary);
ERROR 1064 (42000): You have an error in your SQL syntax; check the manual that corresponds to your MySQL server version for the right syntax to use near '(binary)' at line 1
mysql> alter table s_dept add column location_pic(image);
ERROR 1064 (42000): You have an error in your SQL syntax; check the manual that corresponds to your MySQL server version for the right syntax to use near '(image)' at line 1
mysql> atler table s_dept add column location_pic(varbinary);
ERROR 1064 (42000): You have an error in your SQL syntax; check the manual that corresponds to your MySQL server version for the right syntax to use near 'atler table s_dept add column location_pic(varbinary)' at line 1
mysql> alter table s_dept add column image(location_pic);
ERROR 1064 (42000): You have an error in your SQL syntax; check the manual that corresponds to your MySQL server version for the right syntax to use near '(location_pic)' at line 1
mysql> alter table s_dept add column location_pic image;
ERROR 1064 (42000): You have an error in your SQL syntax; check the manual that corresponds to your MySQL server version for the right syntax to use near 'image' at line 1
mysql> alter table s_dept add column location_pic binary;
Query OK, 4 rows affected (0.09 sec)
Records: 4  Duplicates: 0  Warnings: 0

mysql> alter table s_dept rename column loc to location;
ERROR 1064 (42000): You have an error in your SQL syntax; check the manual that corresponds to your MySQL server version for the right syntax to use near 'column loc to location' at line 1
mysql> select * from s_dept;
+--------+------------+----------+--------------+
| deptno | dname      | loc      | location_pic |
+--------+------------+----------+--------------+
|     10 | ACCOUNTING | NEW YORK | NULL         |
|     20 | RESEARCH   | DALLAS   | NULL         |
|     30 | SALES      | CHICAGO  | NULL         |
|     40 | OPERATIONS | BOSTON   | NULL         |
+--------+------------+----------+--------------+
4 rows in set (0.00 sec)

mysql> alter table 
    -> s_dept rename column loc to location;
ERROR 1064 (42000): You have an error in your SQL syntax; check the manual that corresponds to your MySQL server version for the right syntax to use near 'column loc to location' at line 2
mysql> alter table s_dept change loc location char(13);
Query OK, 0 rows affected (0.06 sec)
Records: 0  Duplicates: 0  Warnings: 0

mysql> alter table s_dept change ename ename varchar(30);
ERROR 1054 (42S22): Unknown column 'ename' in 's_dept'
mysql> alter table s_emp change ename ename varchar(30);
Query OK, 0 rows affected (0.03 sec)
Records: 0  Duplicates: 0  Warnings: 0

mysql> alter table s_dept add index loc_idx(location);
Query OK, 4 rows affected (0.05 sec)
Records: 4  Duplicates: 0  Warnings: 0

mysql> select * from information_schema.columns where table_name ='s_dept';
+---------------+--------------+------------+--------------+------------------+----------------+-------------+-----------+--------------------------+------------------------+-------------------+---------------+--------------------+--------------------+-----------------+-------------+------------+-------+---------------------------------+----------------+-----------------------+
| TABLE_CATALOG | TABLE_SCHEMA | TABLE_NAME | COLUMN_NAME  | ORDINAL_POSITION | COLUMN_DEFAULT | IS_NULLABLE | DATA_TYPE | CHARACTER_MAXIMUM_LENGTH | CHARACTER_OCTET_LENGTH | NUMERIC_PRECISION | NUMERIC_SCALE | DATETIME_PRECISION | CHARACTER_SET_NAME | COLLATION_NAME  | COLUMN_TYPE | COLUMN_KEY | EXTRA | PRIVILEGES                      | COLUMN_COMMENT | GENERATION_EXPRESSION |
+---------------+--------------+------------+--------------+------------------+----------------+-------------+-----------+--------------------------+------------------------+-------------------+---------------+--------------------+--------------------+-----------------+-------------+------------+-------+---------------------------------+----------------+-----------------------+
| def           | devrydbm438  | s_dept     | deptno       |                1 | NULL           | NO          | int       |                     NULL |                   NULL |                10 |             0 |               NULL | NULL               | NULL            | int(2)      | PRI        |       | select,insert,update,references |                |                       |
| def           | devrydbm438  | s_dept     | dname        |                2 | NULL           | YES         | varchar   |                       14 |                     42 |              NULL |          NULL |               NULL | utf8               | utf8_general_ci | varchar(14) |            |       | select,insert,update,references |                |                       |
| def           | devrydbm438  | s_dept     | location     |                3 | NULL           | YES         | char      |                       13 |                     39 |              NULL |          NULL |               NULL | utf8               | utf8_general_ci | char(13)    | MUL        |       | select,insert,update,references |                |                       |
| def           | devrydbm438  | s_dept     | location_pic |                4 | NULL           | YES         | binary    |                        1 |                      1 |              NULL |          NULL |               NULL | NULL               | NULL            | binary(1)   |            |       | select,insert,update,references |                |                       |
+---------------+--------------+------------+--------------+------------------+----------------+-------------+-----------+--------------------------+------------------------+-------------------+---------------+--------------------+--------------------+-----------------+-------------+------------+-------+---------------------------------+----------------+-----------------------+
4 rows in set (0.00 sec)

mysql> select * from information_schema.columns where table_name ='s_emp';
+---------------+--------------+------------+-------------+------------------+----------------+-------------+-----------+--------------------------+------------------------+-------------------+---------------+--------------------+--------------------+-----------------+--------------+------------+-------+---------------------------------+----------------+-----------------------+
| TABLE_CATALOG | TABLE_SCHEMA | TABLE_NAME | COLUMN_NAME | ORDINAL_POSITION | COLUMN_DEFAULT | IS_NULLABLE | DATA_TYPE | CHARACTER_MAXIMUM_LENGTH | CHARACTER_OCTET_LENGTH | NUMERIC_PRECISION | NUMERIC_SCALE | DATETIME_PRECISION | CHARACTER_SET_NAME | COLLATION_NAME  | COLUMN_TYPE  | COLUMN_KEY | EXTRA | PRIVILEGES                      | COLUMN_COMMENT | GENERATION_EXPRESSION |
+---------------+--------------+------------+-------------+------------------+----------------+-------------+-----------+--------------------------+------------------------+-------------------+---------------+--------------------+--------------------+-----------------+--------------+------------+-------+---------------------------------+----------------+-----------------------+
| def           | devrydbm438  | s_emp      | i           |                1 | NULL           | YES         | int       |                     NULL |                   NULL |                10 |             0 |               NULL | NULL               | NULL            | int(11)      |            |       | select,insert,update,references |                |                       |
| def           | devrydbm438  | s_emp      | empno       |                2 | NULL           | NO          | int       |                     NULL |                   NULL |                10 |             0 |               NULL | NULL               | NULL            | int(4)       | PRI        |       | select,insert,update,references |                |                       |
| def           | devrydbm438  | s_emp      | ename       |                3 | NULL           | YES         | varchar   |                       30 |                     90 |              NULL |          NULL |               NULL | utf8               | utf8_general_ci | varchar(30)  |            |       | select,insert,update,references |                |                       |
| def           | devrydbm438  | s_emp      | job         |                4 | NULL           | YES         | varchar   |                        9 |                     27 |              NULL |          NULL |               NULL | utf8               | utf8_general_ci | varchar(9)   |            |       | select,insert,update,references |                |                       |
| def           | devrydbm438  | s_emp      | mgr         |                5 | NULL           | YES         | int       |                     NULL |                   NULL |                10 |             0 |               NULL | NULL               | NULL            | int(4)       |            |       | select,insert,update,references |                |                       |
| def           | devrydbm438  | s_emp      | hiredate    |                6 | NULL           | YES         | date      |                     NULL |                   NULL |              NULL |          NULL |               NULL | NULL               | NULL            | date         |            |       | select,insert,update,references |                |                       |
| def           | devrydbm438  | s_emp      | sal         |                7 | NULL           | YES         | decimal   |                     NULL |                   NULL |                 7 |             2 |               NULL | NULL               | NULL            | decimal(7,2) |            |       | select,insert,update,references |                |                       |
| def           | devrydbm438  | s_emp      | comm        |                8 | NULL           | YES         | decimal   |                     NULL |                   NULL |                 7 |             2 |               NULL | NULL               | NULL            | decimal(7,2) |            |       | select,insert,update,references |                |                       |
| def           | devrydbm438  | s_emp      | deptno      |                9 | NULL           | YES         | int       |                     NULL |                   NULL |                10 |             0 |               NULL | NULL               | NULL            | int(2)       | MUL        |       | select,insert,update,references |                |                       |
+---------------+--------------+------------+-------------+------------------+----------------+-------------+-----------+--------------------------+------------------------+-------------------+---------------+--------------------+--------------------+-----------------+--------------+------------+-------+---------------------------------+----------------+-----------------------+
9 rows in set (0.00 sec)

mysql> show index from s_dept;
+--------+------------+----------+--------------+-------------+-----------+-------------+----------+--------+------+------------+---------+---------------+
| Table  | Non_unique | Key_name | Seq_in_index | Column_name | Collation | Cardinality | Sub_part | Packed | Null | Index_type | Comment | Index_comment |
+--------+------------+----------+--------------+-------------+-----------+-------------+----------+--------+------+------------+---------+---------------+
| s_dept |          0 | PRIMARY  |            1 | deptno      | A         |           4 |     NULL | NULL   |      | BTREE      |         |               |
| s_dept |          1 | loc_idx  |            1 | location    | A         |        NULL |     NULL | NULL   | YES  | BTREE      |         |               |
+--------+------------+----------+--------------+-------------+-----------+-------------+----------+--------+------+------------+---------+---------------+
2 rows in set (0.00 sec)

mysql> notee
